#
# There is insufficient memory for the Java Runtime Environment to continue.
# Native memory allocation (mmap) failed to map 65536 bytes. Error detail: Failed to commit metaspace.
# Possible reasons:
#   The system is out of physical RAM or swap space
#   This process is running with CompressedOops enabled, and the Java Heap may be blocking the growth of the native heap
# Possible solutions:
#   Reduce memory load on the system
#   Increase physical memory or swap space
#   Check if swap backing store is full
#   Decrease Java heap size (-Xmx/-Xms)
#   Decrease number of Java threads
#   Decrease Java thread stack sizes (-Xss)
#   Set larger code cache with -XX:ReservedCodeCacheSize=
#   JVM is running with Unscaled Compressed Oops mode in which the Java heap is
#     placed in the first 4GB address space. The Java Heap base address is the
#     maximum limit for the native heap growth. Please use -XX:HeapBaseMinAddress
#     to set the Java Heap base and to place the Java Heap above 4GB virtual address.
# This output file may be truncated or incomplete.
#
#  Out of Memory Error (virtualSpaceNode.cpp:113), pid=23360, tid=14708
#
# JRE version: OpenJDK Runtime Environment Temurin-21.0.10+7 (21.0.10+7) (build 21.0.10+7-LTS)
# Java VM: OpenJDK 64-Bit Server VM Temurin-21.0.10+7 (21.0.10+7-LTS, mixed mode, sharing, tiered, compressed oops, compressed class ptrs, parallel gc, windows-amd64)
# No core dump will be written. Minidumps are not enabled by default on client versions of Windows
#

---------------  S U M M A R Y ------------

Command Line: --add-modules=ALL-SYSTEM --add-opens=java.base/java.util=ALL-UNNAMED --add-opens=java.base/java.lang=ALL-UNNAMED --add-opens=java.base/sun.nio.fs=ALL-UNNAMED -Declipse.application=org.eclipse.jdt.ls.core.id1 -Dosgi.bundles.defaultStartLevel=4 -Declipse.product=org.eclipse.jdt.ls.core.product -Djava.import.generatesMetadataFilesAtProjectRoot=false -DDetectVMInstallationsJob.disabled=true -Dfile.encoding=utf8 -XX:+UseParallelGC -XX:GCTimeRatio=4 -XX:AdaptiveSizePolicyWeight=90 -Dsun.zip.disableMemoryMapping=true -Xmx2G -Xms100m -Xlog:disable -javaagent:c:\Users\ASUS\.vscode\extensions\redhat.java-1.53.0-win32-x64\lombok\lombok-1.18.39-4050.jar c:\Users\ASUS\.vscode\extensions\redhat.java-1.53.0-win32-x64\server\plugins\org.eclipse.equinox.launcher_1.7.100.v20251111-0406.jar -configuration c:\Users\ASUS\AppData\Roaming\Code\User\globalStorage\redhat.java\1.53.0\config_ss_win -data c:\Users\ASUS\AppData\Roaming\Code\User\workspaceStorage\e35040fb4e7bbefd65871bbb2864516b\redhat.java\ss_ws --pipe=\\.\pipe\lsp-64c0c50b0f8ff458022ee665a9c46eda-sock

Host: 12th Gen Intel(R) Core(TM) i5-12500H, 16 cores, 15G,  Windows 11 , 64 bit Build 26100 (10.0.26100.7920)
Time: Tue Mar 31 14:11:30 2026 India Standard Time elapsed time: 3.800506 seconds (0d 0h 0m 3s)

---------------  T H R E A D  ---------------

Current thread (0x0000019f91f8be90):  JavaThread "C1 CompilerThread0" daemon [_thread_in_vm, id=14708, stack(0x000000134bb00000,0x000000134bc00000) (1024K)]


Current CompileTask:
C1:3800 1945       3       java.lang.invoke.AbstractValidatingLambdaMetafactory::isAdaptableTo (126 bytes)

Stack: [0x000000134bb00000,0x000000134bc00000]
Native frames: (J=compiled Java code, j=interpreted, Vv=VM code, C=native code)
V  [jvm.dll+0x6d7a39]
V  [jvm.dll+0x8b4b26]
V  [jvm.dll+0x8b70de]
V  [jvm.dll+0x8b77c3]
V  [jvm.dll+0x284346]
V  [jvm.dll+0x8b086e]
V  [jvm.dll+0x679444]
V  [jvm.dll+0x6794aa]
V  [jvm.dll+0x67bca6]
V  [jvm.dll+0x67bb72]
V  [jvm.dll+0x679e1e]
V  [jvm.dll+0x68b22a]
V  [jvm.dll+0x6843a2]
V  [jvm.dll+0x1f6360]
V  [jvm.dll+0x1f6548]
V  [jvm.dll+0x156b7e]
V  [jvm.dll+0x156e84]
V  [jvm.dll+0x15629c]
V  [jvm.dll+0x15802d]
V  [jvm.dll+0x25b85d]
V  [jvm.dll+0x259dea]
V  [jvm.dll+0x3f857e]
V  [jvm.dll+0x85f59d]
V  [jvm.dll+0x6d626d]
C  [ucrtbase.dll+0x37b0]
C  [KERNEL32.DLL+0x2e8d7]
C  [ntdll.dll+0x8c48c]


---------------  P R O C E S S  ---------------

Threads class SMR info:
_java_thread_list=0x0000019f985f1580, length=20, elements={
0x0000019f3736d4a0, 0x0000019f37414400, 0x0000019f4fa1d240, 0x0000019f3741eec0,
0x0000019f374238e0, 0x0000019f37424a70, 0x0000019f37427d60, 0x0000019f91f877d0,
0x0000019f91f8be90, 0x0000019f92086aa0, 0x0000019f92087150, 0x0000019f9208b250,
0x0000019f9211e2d0, 0x0000019f9211ed90, 0x0000019f92280f70, 0x0000019f980ddbf0,
0x0000019f988c5620, 0x0000019f980dbb20, 0x0000019f980dc1b0, 0x0000019f980db490
}

Java Threads: ( => current thread )
  0x0000019f3736d4a0 JavaThread "main"                              [_thread_blocked, id=13984, stack(0x000000134b000000,0x000000134b100000) (1024K)]
  0x0000019f37414400 JavaThread "Reference Handler"          daemon [_thread_blocked, id=6520, stack(0x000000134b400000,0x000000134b500000) (1024K)]
  0x0000019f4fa1d240 JavaThread "Finalizer"                  daemon [_thread_blocked, id=6880, stack(0x000000134b500000,0x000000134b600000) (1024K)]
  0x0000019f3741eec0 JavaThread "Signal Dispatcher"          daemon [_thread_blocked, id=14396, stack(0x000000134b600000,0x000000134b700000) (1024K)]
  0x0000019f374238e0 JavaThread "Attach Listener"            daemon [_thread_blocked, id=20376, stack(0x000000134b700000,0x000000134b800000) (1024K)]
  0x0000019f37424a70 JavaThread "Service Thread"             daemon [_thread_blocked, id=17528, stack(0x000000134b800000,0x000000134b900000) (1024K)]
  0x0000019f37427d60 JavaThread "Monitor Deflation Thread"   daemon [_thread_blocked, id=3460, stack(0x000000134b900000,0x000000134ba00000) (1024K)]
  0x0000019f91f877d0 JavaThread "C2 CompilerThread0"         daemon [_thread_blocked, id=6156, stack(0x000000134ba00000,0x000000134bb00000) (1024K)]
=>0x0000019f91f8be90 JavaThread "C1 CompilerThread0"         daemon [_thread_in_vm, id=14708, stack(0x000000134bb00000,0x000000134bc00000) (1024K)]
  0x0000019f92086aa0 JavaThread "C1 CompilerThread1"         daemon [_thread_blocked, id=11408, stack(0x000000134bc00000,0x000000134bd00000) (1024K)]
  0x0000019f92087150 JavaThread "C1 CompilerThread2"         daemon [_thread_blocked, id=10316, stack(0x000000134bd00000,0x000000134be00000) (1024K)]
  0x0000019f9208b250 JavaThread "C1 CompilerThread3"         daemon [_thread_blocked, id=22028, stack(0x000000134be00000,0x000000134bf00000) (1024K)]
  0x0000019f9211e2d0 JavaThread "C2 CompilerThread1"         daemon [_thread_blocked, id=19276, stack(0x000000134bf00000,0x000000134c000000) (1024K)]
  0x0000019f9211ed90 JavaThread "C2 CompilerThread2"         daemon [_thread_blocked, id=17560, stack(0x000000134c000000,0x000000134c100000) (1024K)]
  0x0000019f92280f70 JavaThread "Common-Cleaner"             daemon [_thread_blocked, id=22644, stack(0x000000134c100000,0x000000134c200000) (1024K)]
  0x0000019f980ddbf0 JavaThread "Notification Thread"        daemon [_thread_blocked, id=23408, stack(0x000000134c200000,0x000000134c300000) (1024K)]
  0x0000019f988c5620 JavaThread "C2 CompilerThread3"         daemon [_thread_blocked, id=11804, stack(0x000000134c900000,0x000000134ca00000) (1024K)]
  0x0000019f980dbb20 JavaThread "Active Thread: Equinox Container: e9d2ec93-2db4-42e6-bba9-6791f0f43b03"        [_thread_blocked, id=22164, stack(0x000000134ca00000,0x000000134cb00000) (1024K)]
  0x0000019f980dc1b0 JavaThread "Framework Event Dispatcher: Equinox Container: e9d2ec93-2db4-42e6-bba9-6791f0f43b03" daemon [_thread_blocked, id=19460, stack(0x000000134cc00000,0x000000134cd00000) (1024K)]
  0x0000019f980db490 JavaThread "Start Level: Equinox Container: e9d2ec93-2db4-42e6-bba9-6791f0f43b03" daemon [_thread_in_vm, id=15156, stack(0x000000134cd00000,0x000000134ce00000) (1024K)]
Total: 20

Other Threads:
  0x0000019f4fa02bf0 VMThread "VM Thread"                           [id=20020, stack(0x000000134b300000,0x000000134b400000) (1024K)] _threads_hazard_ptr=0x0000019f985f1580
  0x0000019f4f8fba00 WatcherThread "VM Periodic Task Thread"        [id=7508, stack(0x000000134b200000,0x000000134b300000) (1024K)]
  0x0000019f3738cc30 WorkerThread "GC Thread#0"                     [id=11996, stack(0x000000134b100000,0x000000134b200000) (1024K)]
  0x0000019f987b64b0 WorkerThread "GC Thread#1"                     [id=16172, stack(0x000000134c300000,0x000000134c400000) (1024K)]
  0x0000019f987b5240 WorkerThread "GC Thread#2"                     [id=3864, stack(0x000000134c400000,0x000000134c500000) (1024K)]
  0x0000019f987b55f0 WorkerThread "GC Thread#3"                     [id=13832, stack(0x000000134c500000,0x000000134c600000) (1024K)]
  0x0000019f987b4ae0 WorkerThread "GC Thread#4"                     [id=21824, stack(0x000000134c600000,0x000000134c700000) (1024K)]
  0x0000019f987b59a0 WorkerThread "GC Thread#5"                     [id=24164, stack(0x000000134c700000,0x000000134c800000) (1024K)]
  0x0000019f987b4e90 WorkerThread "GC Thread#6"                     [id=20736, stack(0x000000134c800000,0x000000134c900000) (1024K)]
  0x0000019f988818e0 WorkerThread "GC Thread#7"                     [id=4520, stack(0x000000134cb00000,0x000000134cc00000) (1024K)]
Total: 10

Threads with active compile tasks:
C1 CompilerThread0  3835 1945       3       java.lang.invoke.AbstractValidatingLambdaMetafactory::isAdaptableTo (126 bytes)
Total: 1

VM state: synchronizing (normal execution)

VM Mutex/Monitor currently owned by a thread:  ([mutex/lock_event])
[0x00007fff00a9c4e0] Metaspace_lock - owner thread: 0x0000019f91f8be90
[0x00007fff00a9e560] Threads_lock - owner thread: 0x0000019f4fa02bf0

Heap address: 0x0000000080000000, size: 2048 MB, Compressed Oops mode: 32-bit

CDS archive(s) mapped at: [0x0000019f50000000-0x0000019f50ba0000-0x0000019f50ba0000), size 12189696, SharedBaseAddress: 0x0000019f50000000, ArchiveRelocationMode: 1.
Compressed class space mapped at: 0x0000019f51000000-0x0000019f91000000, reserved size: 1073741824
Narrow klass base: 0x0000019f50000000, Narrow klass shift: 0, Narrow klass range: 0x100000000

GC Precious Log:
 CardTable entry size: 512
 CPUs: 16 total, 16 available
 Memory: 16069M
 Large Page Support: Disabled
 NUMA Support: Disabled
 Compressed Oops: Enabled (32-bit)
 Alignments: Space 512K, Generation 512K, Heap 2M
 Heap Min Capacity: 100M
 Heap Initial Capacity: 100M
 Heap Max Capacity: 2G
 Pre-touch: Disabled
 Parallel Workers: 13

Heap:
 PSYoungGen      total 29696K, used 7827K [0x00000000d5580000, 0x00000000d7680000, 0x0000000100000000)
  eden space 25600K, 14% used [0x00000000d5580000,0x00000000d59276d0,0x00000000d6e80000)
  from space 4096K, 99% used [0x00000000d7280000,0x00000000d767d810,0x00000000d7680000)
  to   space 4096K, 0% used [0x00000000d6e80000,0x00000000d6e80000,0x00000000d7280000)
 ParOldGen       total 68608K, used 1085K [0x0000000080000000, 0x0000000084300000, 0x00000000d5580000)
  object space 68608K, 1% used [0x0000000080000000,0x000000008010f628,0x0000000084300000)
 Metaspace       used 8437K, committed 8704K, reserved 1114112K
  class space    used 888K, committed 1024K, reserved 1048576K

Card table byte_map: [0x0000019f4ad30000,0x0000019f4b140000] _byte_map_base: 0x0000019f4a930000

Marking Bits: (ParMarkBitMap*) 0x00007fff00aa3450
 Begin Bits: [0x0000019f4b3f0000, 0x0000019f4d3f0000)
 End Bits:   [0x0000019f4d3f0000, 0x0000019f4f3f0000)

Polling page: 0x0000019f37430000

Metaspace:

Usage:
  Non-class:      7.37 MB used.
      Class:    888.58 KB used.
       Both:      8.24 MB used.

Virtual space:
  Non-class space:       64.00 MB reserved,       7.50 MB ( 12%) committed,  1 nodes.
      Class space:        1.00 GB reserved,       1.00 MB ( <1%) committed,  1 nodes.
             Both:        1.06 GB reserved,       8.50 MB ( <1%) committed. 

Chunk freelists:
   Non-Class:  8.45 MB
       Class:  14.85 MB
        Both:  23.29 MB

MaxMetaspaceSize: unlimited
CompressedClassSpaceSize: 1.00 GB
Initial GC threshold: 21.00 MB
Current GC threshold: 21.00 MB
CDS: on
 - commit_granule_bytes: 65536.
 - commit_granule_words: 8192.
 - virtual_space_node_default_size: 8388608.
 - enlarge_chunks_in_place: 1.
 - use_allocation_guard: 0.


Internal statistics:

num_allocs_failed_limit: 0.
num_arena_births: 238.
num_arena_deaths: 0.
num_vsnodes_births: 2.
num_vsnodes_deaths: 0.
num_space_committed: 136.
num_space_uncommitted: 0.
num_chunks_returned_to_freelist: 0.
num_chunks_taken_from_freelist: 462.
num_chunk_merges: 0.
num_chunk_splits: 294.
num_chunks_enlarged: 193.
num_inconsistent_stats: 0.

CodeHeap 'non-profiled nmethods': size=119168Kb used=804Kb max_used=804Kb free=118363Kb
 bounds [0x0000019f436f0000, 0x0000019f43960000, 0x0000019f4ab50000]
CodeHeap 'profiled nmethods': size=119104Kb used=3529Kb max_used=3529Kb free=115574Kb
 bounds [0x0000019f3bb50000, 0x0000019f3bed0000, 0x0000019f42fa0000]
CodeHeap 'non-nmethods': size=7488Kb used=2908Kb max_used=2928Kb free=4580Kb
 bounds [0x0000019f42fa0000, 0x0000019f43280000, 0x0000019f436f0000]
CodeCache: size=245760Kb, used=7241Kb, max_used=7261Kb, free=238517Kb
 total_blobs=2429, nmethods=1943, adapters=390, full_count=0
Compilation: enabled, stopped_count=0, restarted_count=0

Compilation events (20 events):
Event: 1.776 Thread 0x0000019f92087150 nmethod 1935 0x0000019f437b8510 code [0x0000019f437b86a0, 0x0000019f437b8768]
Event: 1.777 Thread 0x0000019f92086aa0 1936       3       org.eclipse.osgi.framework.eventmgr.CopyOnWriteIdentityMap$Snapshot$EntryIterator::next (5 bytes)
Event: 1.777 Thread 0x0000019f92087150 1937       3       org.eclipse.osgi.framework.eventmgr.CopyOnWriteIdentityMap$Snapshot$EntryIterator::next (5 bytes)
Event: 1.777 Thread 0x0000019f9208b250 1938       3       org.eclipse.osgi.framework.eventmgr.CopyOnWriteIdentityMap$Snapshot$SnapshotIterator::nextEntry (58 bytes)
Event: 1.777 Thread 0x0000019f92087150 nmethod 1937 0x0000019f3beb8990 code [0x0000019f3beb8b40, 0x0000019f3beb8c78]
Event: 1.777 Thread 0x0000019f92086aa0 nmethod 1936 0x0000019f3beb8d10 code [0x0000019f3beb8ec0, 0x0000019f3beb9058]
Event: 1.778 Thread 0x0000019f9208b250 nmethod 1938 0x0000019f3beb9110 code [0x0000019f3beb92e0, 0x0000019f3beb9658]
Event: 1.778 Thread 0x0000019f9208b250 1939       3       sun.nio.fs.WindowsPathParser::normalize (233 bytes)
Event: 1.780 Thread 0x0000019f92086aa0 1940       1       org.eclipse.osgi.internal.loader.EquinoxClassLoader::getGeneration (5 bytes)
Event: 1.780 Thread 0x0000019f92086aa0 nmethod 1940 0x0000019f437b8810 code [0x0000019f437b89a0, 0x0000019f437b8a68]
Event: 1.781 Thread 0x0000019f9208b250 nmethod 1939 0x0000019f3beb9810 code [0x0000019f3beb9dc0, 0x0000019f3bebc8f0]
Event: 1.781 Thread 0x0000019f92087150 1941       1       org.eclipse.osgi.internal.hookregistry.ClassLoaderHook::getClassPathEntries (2 bytes)
Event: 1.781 Thread 0x0000019f92087150 nmethod 1941 0x0000019f437b8b10 code [0x0000019f437b8ca0, 0x0000019f437b8d70]
Event: 1.782 Thread 0x0000019f9208b250 1942       1       org.eclipse.osgi.container.ModuleRevision::getVersion (5 bytes)
Event: 1.782 Thread 0x0000019f9208b250 nmethod 1942 0x0000019f437b8e10 code [0x0000019f437b8fa0, 0x0000019f437b9068]
Event: 1.784 Thread 0x0000019f91f8be90 1943   !   3       org.eclipse.osgi.internal.loader.BundleLoader::getModuleClassLoader (203 bytes)
Event: 1.784 Thread 0x0000019f92087150 1944       3       java.lang.invoke.MethodHandles$Lookup::in (283 bytes)
Event: 1.786 Thread 0x0000019f92087150 nmethod 1944 0x0000019f3bebdb10 code [0x0000019f3bebdf20, 0x0000019f3bebf7f0]
Event: 1.786 Thread 0x0000019f91f8be90 nmethod 1943 0x0000019f3bec0090 code [0x0000019f3bec0420, 0x0000019f3bec1948]
Event: 1.786 Thread 0x0000019f91f8be90 1945       3       java.lang.invoke.AbstractValidatingLambdaMetafactory::isAdaptableTo (126 bytes)

GC Heap History (4 events):
Event: 0.890 GC heap before
{Heap before GC invocations=1 (full 0):
 PSYoungGen      total 29696K, used 25600K [0x00000000d5580000, 0x00000000d7680000, 0x0000000100000000)
  eden space 25600K, 100% used [0x00000000d5580000,0x00000000d6e80000,0x00000000d6e80000)
  from space 4096K, 0% used [0x00000000d7280000,0x00000000d7280000,0x00000000d7680000)
  to   space 4096K, 0% used [0x00000000d6e80000,0x00000000d6e80000,0x00000000d7280000)
 ParOldGen       total 68608K, used 0K [0x0000000080000000, 0x0000000084300000, 0x00000000d5580000)
  object space 68608K, 0% used [0x0000000080000000,0x0000000080000000,0x0000000084300000)
 Metaspace       used 4161K, committed 4416K, reserved 1114112K
  class space    used 454K, committed 576K, reserved 1048576K
}
Event: 0.898 GC heap after
{Heap after GC invocations=1 (full 0):
 PSYoungGen      total 29696K, used 3708K [0x00000000d5580000, 0x00000000d7680000, 0x0000000100000000)
  eden space 25600K, 0% used [0x00000000d5580000,0x00000000d5580000,0x00000000d6e80000)
  from space 4096K, 90% used [0x00000000d6e80000,0x00000000d721f000,0x00000000d7280000)
  to   space 4096K, 0% used [0x00000000d7280000,0x00000000d7280000,0x00000000d7680000)
 ParOldGen       total 68608K, used 16K [0x0000000080000000, 0x0000000084300000, 0x00000000d5580000)
  object space 68608K, 0% used [0x0000000080000000,0x0000000080004000,0x0000000084300000)
 Metaspace       used 4161K, committed 4416K, reserved 1114112K
  class space    used 454K, committed 576K, reserved 1048576K
}
Event: 1.660 GC heap before
{Heap before GC invocations=2 (full 0):
 PSYoungGen      total 29696K, used 29308K [0x00000000d5580000, 0x00000000d7680000, 0x0000000100000000)
  eden space 25600K, 100% used [0x00000000d5580000,0x00000000d6e80000,0x00000000d6e80000)
  from space 4096K, 90% used [0x00000000d6e80000,0x00000000d721f000,0x00000000d7280000)
  to   space 4096K, 0% used [0x00000000d7280000,0x00000000d7280000,0x00000000d7680000)
 ParOldGen       total 68608K, used 16K [0x0000000080000000, 0x0000000084300000, 0x00000000d5580000)
  object space 68608K, 0% used [0x0000000080000000,0x0000000080004000,0x0000000084300000)
 Metaspace       used 7984K, committed 8256K, reserved 1114112K
  class space    used 829K, committed 960K, reserved 1048576K
}
Event: 1.666 GC heap after
{Heap after GC invocations=2 (full 0):
 PSYoungGen      total 29696K, used 4086K [0x00000000d5580000, 0x00000000d7680000, 0x0000000100000000)
  eden space 25600K, 0% used [0x00000000d5580000,0x00000000d5580000,0x00000000d6e80000)
  from space 4096K, 99% used [0x00000000d7280000,0x00000000d767d810,0x00000000d7680000)
  to   space 4096K, 0% used [0x00000000d6e80000,0x00000000d6e80000,0x00000000d7280000)
 ParOldGen       total 68608K, used 1085K [0x0000000080000000, 0x0000000084300000, 0x00000000d5580000)
  object space 68608K, 1% used [0x0000000080000000,0x000000008010f628,0x0000000084300000)
 Metaspace       used 7984K, committed 8256K, reserved 1114112K
  class space    used 829K, committed 960K, reserved 1048576K
}

Dll operation events (9 events):
Event: 0.015 Loaded shared library c:\Users\ASUS\.vscode\extensions\redhat.java-1.53.0-win32-x64\jre\21.0.10-win32-x86_64\bin\java.dll
Event: 0.083 Loaded shared library c:\Users\ASUS\.vscode\extensions\redhat.java-1.53.0-win32-x64\jre\21.0.10-win32-x86_64\bin\zip.dll
Event: 0.110 Loaded shared library C:\Users\ASUS\.vscode\extensions\redhat.java-1.53.0-win32-x64\jre\21.0.10-win32-x86_64\bin\instrument.dll
Event: 0.117 Loaded shared library C:\Users\ASUS\.vscode\extensions\redhat.java-1.53.0-win32-x64\jre\21.0.10-win32-x86_64\bin\net.dll
Event: 0.120 Loaded shared library C:\Users\ASUS\.vscode\extensions\redhat.java-1.53.0-win32-x64\jre\21.0.10-win32-x86_64\bin\nio.dll
Event: 0.125 Loaded shared library C:\Users\ASUS\.vscode\extensions\redhat.java-1.53.0-win32-x64\jre\21.0.10-win32-x86_64\bin\zip.dll
Event: 0.148 Loaded shared library C:\Users\ASUS\.vscode\extensions\redhat.java-1.53.0-win32-x64\jre\21.0.10-win32-x86_64\bin\jimage.dll
Event: 0.261 Loaded shared library c:\Users\ASUS\.vscode\extensions\redhat.java-1.53.0-win32-x64\jre\21.0.10-win32-x86_64\bin\verify.dll
Event: 1.727 Loaded shared library C:\Users\ASUS\AppData\Roaming\Code\User\globalStorage\redhat.java\1.53.0\config_ss_win\org.eclipse.equinox.launcher\org.eclipse.equinox.launcher.win32.win32.x86_64_1.3.0.v20260203-2149\eclipse_11919.dll

Deoptimization events (20 events):
Event: 1.525 Thread 0x0000019f3736d4a0 DEOPT PACKING pc=0x0000019f437682a0 sp=0x000000134b0fe770
Event: 1.525 Thread 0x0000019f3736d4a0 DEOPT UNPACKING pc=0x0000019f42ff3aa2 sp=0x000000134b0fe700 mode 2
Event: 1.580 Thread 0x0000019f3736d4a0 DEOPT PACKING pc=0x0000019f3bc6640b sp=0x000000134b0fcd00
Event: 1.581 Thread 0x0000019f3736d4a0 DEOPT UNPACKING pc=0x0000019f42ff4242 sp=0x000000134b0fc178 mode 0
Event: 1.582 Thread 0x0000019f3736d4a0 DEOPT PACKING pc=0x0000019f3bc60a86 sp=0x000000134b0fc7c0
Event: 1.582 Thread 0x0000019f3736d4a0 DEOPT UNPACKING pc=0x0000019f42ff4242 sp=0x000000134b0fbc40 mode 0
Event: 1.582 Thread 0x0000019f3736d4a0 DEOPT PACKING pc=0x0000019f3bcee988 sp=0x000000134b0fc900
Event: 1.582 Thread 0x0000019f3736d4a0 DEOPT UNPACKING pc=0x0000019f42ff4242 sp=0x000000134b0fbd80 mode 0
Event: 1.583 Thread 0x0000019f3736d4a0 DEOPT PACKING pc=0x0000019f3bcee988 sp=0x000000134b0fcc10
Event: 1.583 Thread 0x0000019f3736d4a0 DEOPT UNPACKING pc=0x0000019f42ff4242 sp=0x000000134b0fc090 mode 0
Event: 1.584 Thread 0x0000019f3736d4a0 DEOPT PACKING pc=0x0000019f3bc60a86 sp=0x000000134b0fca10
Event: 1.584 Thread 0x0000019f3736d4a0 DEOPT UNPACKING pc=0x0000019f42ff4242 sp=0x000000134b0fbe90 mode 0
Event: 1.584 Thread 0x0000019f3736d4a0 DEOPT PACKING pc=0x0000019f3bcee988 sp=0x000000134b0fcb60
Event: 1.584 Thread 0x0000019f3736d4a0 DEOPT UNPACKING pc=0x0000019f42ff4242 sp=0x000000134b0fbfe0 mode 0
Event: 1.585 Thread 0x0000019f3736d4a0 DEOPT PACKING pc=0x0000019f3bcee988 sp=0x000000134b0fce60
Event: 1.585 Thread 0x0000019f3736d4a0 DEOPT UNPACKING pc=0x0000019f42ff4242 sp=0x000000134b0fc2e0 mode 0
Event: 1.744 Thread 0x0000019f980db490 Uncommon trap: trap_request=0xffffff6e fr.pc=0x0000019f437618a8 relative=0x0000000000000368
Event: 1.744 Thread 0x0000019f980db490 Uncommon trap: reason=loop_limit_check action=maybe_recompile pc=0x0000019f437618a8 method=java.lang.StringLatin1.indexOf([BI[BII)I @ 37 c2
Event: 1.744 Thread 0x0000019f980db490 DEOPT PACKING pc=0x0000019f437618a8 sp=0x000000134cdf8e80
Event: 1.744 Thread 0x0000019f980db490 DEOPT UNPACKING pc=0x0000019f42ff3aa2 sp=0x000000134cdf8de0 mode 2

Classes loaded (20 events):
Event: 1.609 Loading class java/lang/Thread$Builder$OfVirtual
Event: 1.609 Loading class java/lang/Thread$Builder$OfVirtual done
Event: 1.621 Loading class sun/nio/fs/WindowsChannelFactory
Event: 1.621 Loading class sun/nio/fs/WindowsChannelFactory done
Event: 1.621 Loading class sun/nio/fs/WindowsChannelFactory$1
Event: 1.621 Loading class sun/nio/fs/WindowsChannelFactory$1 done
Event: 1.621 Loading class sun/nio/fs/WindowsChannelFactory$Flags
Event: 1.621 Loading class sun/nio/fs/WindowsChannelFactory$Flags done
Event: 1.622 Loading class sun/nio/ch/FileChannelImpl$Closer
Event: 1.622 Loading class sun/nio/ch/FileChannelImpl$Closer done
Event: 1.717 Loading class java/util/concurrent/CountDownLatch
Event: 1.717 Loading class java/util/concurrent/CountDownLatch done
Event: 1.717 Loading class java/util/concurrent/CountDownLatch$Sync
Event: 1.717 Loading class java/util/concurrent/CountDownLatch$Sync done
Event: 1.728 Loading class java/util/concurrent/locks/AbstractQueuedSynchronizer$SharedNode
Event: 1.728 Loading class java/util/concurrent/locks/AbstractQueuedSynchronizer$SharedNode done
Event: 1.756 Loading class java/lang/IllegalAccessError
Event: 1.756 Loading class java/lang/IllegalAccessError done
Event: 1.773 Loading class java/util/MissingResourceException
Event: 1.773 Loading class java/util/MissingResourceException done

Classes unloaded (0 events):
No events

Classes redefined (0 events):
No events

Internal exceptions (20 events):
Event: 0.854 Thread 0x0000019f3736d4a0 Exception <a 'java/lang/NoSuchMethodError'{0x00000000d6be8bc0}: 'java.lang.ClassLoader java.lang.ClassLoader.getPlatformClassLoader(java.lang.Class)'> (0x00000000d6be8bc0) 
thrown [s\src\hotspot\share\interpreter\linkResolver.cpp, line 773]
Event: 0.946 Thread 0x0000019f3736d4a0 Exception <a 'java/lang/ClassNotFoundException'{0x00000000d5747450}: sun/net/www/protocol/c/Handler> (0x00000000d5747450) 
thrown [s\src\hotspot\share\classfile\systemDictionary.cpp, line 312]
Event: 0.947 Thread 0x0000019f3736d4a0 Exception <a 'java/lang/ClassNotFoundException'{0x00000000d5748828}: sun/net/www/protocol/c/Handler> (0x00000000d5748828) 
thrown [s\src\hotspot\share\classfile\systemDictionary.cpp, line 312]
Event: 0.947 Thread 0x0000019f3736d4a0 Exception <a 'java/lang/ClassNotFoundException'{0x00000000d5749a80}: sun/net/www/protocol/c/Handler> (0x00000000d5749a80) 
thrown [s\src\hotspot\share\classfile\systemDictionary.cpp, line 312]
Event: 0.961 Thread 0x0000019f3736d4a0 Exception <a 'java/io/FileNotFoundException'{0x00000000d5771d28}> (0x00000000d5771d28) 
thrown [s\src\hotspot\share\prims\jni.cpp, line 520]
Event: 0.993 Thread 0x0000019f3736d4a0 Implicit null exception at 0x0000019f4375d649 to 0x0000019f4375e114
Event: 0.993 Thread 0x0000019f3736d4a0 Implicit null exception at 0x0000019f4374eb9a to 0x0000019f4374eda4
Event: 0.993 Thread 0x0000019f3736d4a0 Exception <a 'java/lang/NoSuchMethodError'{0x00000000d58e14b0}: 'void java.lang.invoke.DirectMethodHandle$Holder.invokeStatic(java.lang.Object, java.lang.Object, java.lang.Object, java.lang.Object)'> (0x00000000d58e14b0) 
thrown [s\src\hotspot\share\interpreter\linkResolver.cpp, line 773]
Event: 0.994 Thread 0x0000019f3736d4a0 Implicit null exception at 0x0000019f4375019a to 0x0000019f437503a4
Event: 0.995 Thread 0x0000019f3736d4a0 Implicit null exception at 0x0000019f4374d53d to 0x0000019f4374d5c1
Event: 1.114 Thread 0x0000019f3736d4a0 Exception <a 'java/lang/NoSuchMethodError'{0x00000000d5ba4ac0}: 'void java.lang.invoke.DirectMethodHandle$Holder.invokeSpecial(java.lang.Object, java.lang.Object, java.lang.Object)'> (0x00000000d5ba4ac0) 
thrown [s\src\hotspot\share\interpreter\linkResolver.cpp, line 773]
Event: 1.406 Thread 0x0000019f3736d4a0 Exception <a 'java/lang/NoSuchMethodError'{0x00000000d64fc070}: 'int java.lang.invoke.DirectMethodHandle$Holder.invokeVirtual(java.lang.Object, java.lang.Object)'> (0x00000000d64fc070) 
thrown [s\src\hotspot\share\interpreter\linkResolver.cpp, line 773]
Event: 1.462 Thread 0x0000019f3736d4a0 Exception <a 'java/lang/NoSuchMethodError'{0x00000000d6671620}: 'int java.lang.invoke.DirectMethodHandle$Holder.invokeStaticInit(java.lang.Object, java.lang.Object, java.lang.Object, java.lang.Object)'> (0x00000000d6671620) 
thrown [s\src\hotspot\share\interpreter\linkResolver.cpp, line 773]
Event: 1.463 Thread 0x0000019f3736d4a0 Exception <a 'java/lang/IncompatibleClassChangeError'{0x00000000d6679c88}: Found class java.lang.Object, but interface was expected> (0x00000000d6679c88) 
thrown [s\src\hotspot\share\interpreter\linkResolver.cpp, line 840]
Event: 1.464 Thread 0x0000019f3736d4a0 Exception <a 'java/lang/NoSuchMethodError'{0x00000000d6680238}: 'void java.lang.invoke.DirectMethodHandle$Holder.invokeStaticInit(java.lang.Object, java.lang.Object)'> (0x00000000d6680238) 
thrown [s\src\hotspot\share\interpreter\linkResolver.cpp, line 773]
Event: 1.466 Thread 0x0000019f3736d4a0 Exception <a 'java/lang/NoSuchMethodError'{0x00000000d6689430}: 'int java.lang.invoke.DirectMethodHandle$Holder.invokeStaticInit(java.lang.Object, java.lang.Object)'> (0x00000000d6689430) 
thrown [s\src\hotspot\share\interpreter\linkResolver.cpp, line 773]
Event: 1.509 Thread 0x0000019f3736d4a0 Exception <a 'java/lang/NoSuchMethodError'{0x00000000d68dc130}: 'java.lang.Object java.lang.invoke.DirectMethodHandle$Holder.newInvokeSpecial(java.lang.Object, int, java.lang.Object)'> (0x00000000d68dc130) 
thrown [s\src\hotspot\share\interpreter\linkResolver.cpp, line 773]
Event: 1.551 Thread 0x0000019f3736d4a0 Exception <a 'java/lang/ClassNotFoundException'{0x00000000d6af64e8}: sun/net/www/protocol/plurl/Handler> (0x00000000d6af64e8) 
thrown [s\src\hotspot\share\classfile\systemDictionary.cpp, line 312]
Event: 1.551 Thread 0x0000019f3736d4a0 Exception <a 'java/lang/ClassNotFoundException'{0x00000000d6af7368}: sun/net/www/protocol/plurl/Handler> (0x00000000d6af7368) 
thrown [s\src\hotspot\share\classfile\systemDictionary.cpp, line 312]
Event: 1.717 Thread 0x0000019f3736d4a0 Exception <a 'java/lang/UnsatisfiedLinkError'{0x00000000d5647750}: 'void org.eclipse.equinox.launcher.JNIBridge._update_splash()'> (0x00000000d5647750) 
thrown [s\src\hotspot\share\prims\nativeLookup.cpp, line 415]

ZGC Phase Switch (0 events):
No events

VM Operations (20 events):
Event: 0.587 Executing non-safepoint VM operation: HandshakeAllThreads (Deoptimize) done
Event: 0.882 Executing safepoint VM operation: ICBufferFull
Event: 0.882 Executing safepoint VM operation: ICBufferFull done
Event: 0.890 Executing safepoint VM operation: ParallelGCFailedAllocation (Allocation Failure)
Event: 0.898 Executing safepoint VM operation: ParallelGCFailedAllocation (Allocation Failure) done
Event: 0.921 Executing non-safepoint VM operation: HandshakeAllThreads (Deoptimize)
Event: 0.921 Executing non-safepoint VM operation: HandshakeAllThreads (Deoptimize) done
Event: 1.489 Executing non-safepoint VM operation: HandshakeAllThreads (Deoptimize)
Event: 1.489 Executing non-safepoint VM operation: HandshakeAllThreads (Deoptimize) done
Event: 1.496 Executing non-safepoint VM operation: HandshakeAllThreads (Deoptimize)
Event: 1.496 Executing non-safepoint VM operation: HandshakeAllThreads (Deoptimize) done
Event: 1.535 Executing non-safepoint VM operation: HandshakeAllThreads (Deoptimize)
Event: 1.535 Executing non-safepoint VM operation: HandshakeAllThreads (Deoptimize) done
Event: 1.547 Executing non-safepoint VM operation: HandshakeAllThreads (Deoptimize)
Event: 1.547 Executing non-safepoint VM operation: HandshakeAllThreads (Deoptimize) done
Event: 1.611 Executing safepoint VM operation: ICBufferFull
Event: 1.611 Executing safepoint VM operation: ICBufferFull done
Event: 1.660 Executing safepoint VM operation: ParallelGCFailedAllocation (Allocation Failure)
Event: 1.666 Executing safepoint VM operation: ParallelGCFailedAllocation (Allocation Failure) done
Event: 2.674 Executing safepoint VM operation: Cleanup

Memory protections (0 events):
No events

Nmethod flushes (0 events):
No events

Events (20 events):
Event: 0.033 Thread 0x0000019f3736d4a0 Thread added: 0x0000019f3736d4a0
Event: 0.049 Thread 0x0000019f3736d4a0 Thread added: 0x0000019f37414400
Event: 0.049 Thread 0x0000019f3736d4a0 Thread added: 0x0000019f4fa1d240
Event: 0.049 Thread 0x0000019f3736d4a0 Thread added: 0x0000019f3741eec0
Event: 0.049 Thread 0x0000019f3736d4a0 Thread added: 0x0000019f374238e0
Event: 0.050 Thread 0x0000019f3736d4a0 Thread added: 0x0000019f37424a70
Event: 0.050 Thread 0x0000019f3736d4a0 Thread added: 0x0000019f37427d60
Event: 0.050 Thread 0x0000019f3736d4a0 Thread added: 0x0000019f91f877d0
Event: 0.050 Thread 0x0000019f3736d4a0 Thread added: 0x0000019f91f8be90
Event: 0.081 Thread 0x0000019f91f8be90 Thread added: 0x0000019f92086aa0
Event: 0.081 Thread 0x0000019f91f8be90 Thread added: 0x0000019f92087150
Event: 0.082 Thread 0x0000019f92086aa0 Thread added: 0x0000019f9208b250
Event: 0.090 Thread 0x0000019f91f8be90 Thread added: 0x0000019f9211e2d0
Event: 0.090 Thread 0x0000019f9208b250 Thread added: 0x0000019f9211ed90
Event: 0.112 Thread 0x0000019f3736d4a0 Thread added: 0x0000019f92280f70
Event: 0.360 Thread 0x0000019f3736d4a0 Thread added: 0x0000019f980ddbf0
Event: 1.199 Thread 0x0000019f92087150 Thread added: 0x0000019f988c5620
Event: 1.475 Thread 0x0000019f3736d4a0 Thread added: 0x0000019f980dbb20
Event: 1.709 Thread 0x0000019f3736d4a0 Thread added: 0x0000019f980dc1b0
Event: 1.716 Thread 0x0000019f3736d4a0 Thread added: 0x0000019f980db490


Dynamic libraries:
0x00007ff7bf620000 - 0x00007ff7bf62e000 	c:\Users\ASUS\.vscode\extensions\redhat.java-1.53.0-win32-x64\jre\21.0.10-win32-x86_64\bin\java.exe
0x00007fffad460000 - 0x00007fffad6c7000 	C:\WINDOWS\SYSTEM32\ntdll.dll
0x00007fffad210000 - 0x00007fffad2d9000 	C:\WINDOWS\System32\KERNEL32.DLL
0x00007fffaaa80000 - 0x00007fffaae71000 	C:\WINDOWS\System32\KERNELBASE.dll
0x00007fffaae80000 - 0x00007fffaafcb000 	C:\WINDOWS\System32\ucrtbase.dll
0x00007fff755b0000 - 0x00007fff755ce000 	c:\Users\ASUS\.vscode\extensions\redhat.java-1.53.0-win32-x64\jre\21.0.10-win32-x86_64\bin\VCRUNTIME140.dll
0x00007fff76fc0000 - 0x00007fff76fd8000 	c:\Users\ASUS\.vscode\extensions\redhat.java-1.53.0-win32-x64\jre\21.0.10-win32-x86_64\bin\jli.dll
0x00007fffabce0000 - 0x00007fffabea5000 	C:\WINDOWS\System32\USER32.dll
0x00007fff89e50000 - 0x00007fff8a0e3000 	C:\WINDOWS\WinSxS\amd64_microsoft.windows.common-controls_6595b64144ccf1df_6.0.26100.8037_none_3e092faae333b53b\COMCTL32.dll
0x00007fffaa8e0000 - 0x00007fffaa907000 	C:\WINDOWS\System32\win32u.dll
0x00007fffab940000 - 0x00007fffab9e9000 	C:\WINDOWS\System32\msvcrt.dll
0x00007fffab900000 - 0x00007fffab92b000 	C:\WINDOWS\System32\GDI32.dll
0x00007fffaa7b0000 - 0x00007fffaa8db000 	C:\WINDOWS\System32\gdi32full.dll
0x00007fffaa5b0000 - 0x00007fffaa653000 	C:\WINDOWS\System32\msvcp_win.dll
0x00007fffabeb0000 - 0x00007fffabee1000 	C:\WINDOWS\System32\IMM32.DLL
0x00007fff941e0000 - 0x00007fff941ec000 	c:\Users\ASUS\.vscode\extensions\redhat.java-1.53.0-win32-x64\jre\21.0.10-win32-x86_64\bin\vcruntime140_1.dll
0x00007fff4f620000 - 0x00007fff4f6ad000 	c:\Users\ASUS\.vscode\extensions\redhat.java-1.53.0-win32-x64\jre\21.0.10-win32-x86_64\bin\msvcp140.dll
0x00007ffeffde0000 - 0x00007fff00b81000 	c:\Users\ASUS\.vscode\extensions\redhat.java-1.53.0-win32-x64\jre\21.0.10-win32-x86_64\bin\server\jvm.dll
0x00007fffad070000 - 0x00007fffad12b000 	C:\WINDOWS\System32\ADVAPI32.dll
0x00007fffad300000 - 0x00007fffad3a7000 	C:\WINDOWS\System32\sechost.dll
0x00007fffab690000 - 0x00007fffab7a8000 	C:\WINDOWS\System32\RPCRT4.dll
0x00007fffac090000 - 0x00007fffac104000 	C:\WINDOWS\System32\WS2_32.dll
0x00007fffa9ba0000 - 0x00007fffa9bfe000 	C:\WINDOWS\SYSTEM32\POWRPROF.dll
0x00007fff9f380000 - 0x00007fff9f3b5000 	C:\WINDOWS\SYSTEM32\WINMM.dll
0x00007fff8d3f0000 - 0x00007fff8d3fb000 	C:\WINDOWS\SYSTEM32\VERSION.dll
0x00007fffa9b80000 - 0x00007fffa9b94000 	C:\WINDOWS\SYSTEM32\UMPDC.dll
0x00007fffa8ad0000 - 0x00007fffa8aeb000 	C:\WINDOWS\SYSTEM32\kernel.appcore.dll
0x00007fff8a470000 - 0x00007fff8a47a000 	c:\Users\ASUS\.vscode\extensions\redhat.java-1.53.0-win32-x64\jre\21.0.10-win32-x86_64\bin\jimage.dll
0x00007fffa7c50000 - 0x00007fffa7e92000 	C:\WINDOWS\SYSTEM32\DBGHELP.DLL
0x00007fffacc70000 - 0x00007fffacff2000 	C:\WINDOWS\System32\combase.dll
0x00007fffac2a0000 - 0x00007fffac377000 	C:\WINDOWS\System32\OLEAUT32.dll
0x00007fff847b0000 - 0x00007fff847eb000 	C:\WINDOWS\SYSTEM32\dbgcore.DLL
0x00007fffab150000 - 0x00007fffab1f5000 	C:\WINDOWS\System32\bcryptPrimitives.dll
0x00007fff792c0000 - 0x00007fff792cf000 	c:\Users\ASUS\.vscode\extensions\redhat.java-1.53.0-win32-x64\jre\21.0.10-win32-x86_64\bin\instrument.dll
0x00007fff72f00000 - 0x00007fff72f20000 	c:\Users\ASUS\.vscode\extensions\redhat.java-1.53.0-win32-x64\jre\21.0.10-win32-x86_64\bin\java.dll
0x00007fffac380000 - 0x00007fffacadf000 	C:\WINDOWS\System32\SHELL32.dll
0x00007fffaa910000 - 0x00007fffaaa7a000 	C:\WINDOWS\System32\wintypes.dll
0x00007fffa9d40000 - 0x00007fffaa5a4000 	C:\WINDOWS\System32\windows.storage.dll
0x00007fffacb70000 - 0x00007fffacc67000 	C:\WINDOWS\System32\SHCORE.dll
0x00007fffad3b0000 - 0x00007fffad417000 	C:\WINDOWS\System32\shlwapi.dll
0x00007fffa9c60000 - 0x00007fffa9c89000 	C:\WINDOWS\SYSTEM32\profapi.dll
0x00007fff69310000 - 0x00007fff69328000 	c:\Users\ASUS\.vscode\extensions\redhat.java-1.53.0-win32-x64\jre\21.0.10-win32-x86_64\bin\zip.dll
0x00007fff771e0000 - 0x00007fff771f0000 	C:\Users\ASUS\.vscode\extensions\redhat.java-1.53.0-win32-x64\jre\21.0.10-win32-x86_64\bin\net.dll
0x00007fff9f1b0000 - 0x00007fff9f2d7000 	C:\WINDOWS\SYSTEM32\WINHTTP.dll
0x00007fffa9040000 - 0x00007fffa90ab000 	C:\WINDOWS\system32\mswsock.dll
0x00007fff6e060000 - 0x00007fff6e076000 	C:\Users\ASUS\.vscode\extensions\redhat.java-1.53.0-win32-x64\jre\21.0.10-win32-x86_64\bin\nio.dll
0x00007fff73530000 - 0x00007fff73540000 	c:\Users\ASUS\.vscode\extensions\redhat.java-1.53.0-win32-x64\jre\21.0.10-win32-x86_64\bin\verify.dll
0x00007fff4f8e0000 - 0x00007fff4f925000 	C:\Users\ASUS\AppData\Roaming\Code\User\globalStorage\redhat.java\1.53.0\config_ss_win\org.eclipse.equinox.launcher\org.eclipse.equinox.launcher.win32.win32.x86_64_1.3.0.v20260203-2149\eclipse_11919.dll
0x00007fffabef0000 - 0x00007fffac085000 	C:\WINDOWS\System32\ole32.dll

JVMTI agents:
c:\Users\ASUS\.vscode\extensions\redhat.java-1.53.0-win32-x64\lombok\lombok-1.18.39-4050.jar path:c:\Users\ASUS\.vscode\extensions\redhat.java-1.53.0-win32-x64\jre\21.0.10-win32-x86_64\bin\instrument.dll, loaded, initialized, instrumentlib options:none

dbghelp: loaded successfully - version: 4.0.5 - missing functions: none
symbol engine: initialized successfully - sym options: 0x614 - pdb path: .;c:\Users\ASUS\.vscode\extensions\redhat.java-1.53.0-win32-x64\jre\21.0.10-win32-x86_64\bin;C:\WINDOWS\SYSTEM32;C:\WINDOWS\WinSxS\amd64_microsoft.windows.common-controls_6595b64144ccf1df_6.0.26100.8037_none_3e092faae333b53b;c:\Users\ASUS\.vscode\extensions\redhat.java-1.53.0-win32-x64\jre\21.0.10-win32-x86_64\bin\server;C:\Users\ASUS\AppData\Roaming\Code\User\globalStorage\redhat.java\1.53.0\config_ss_win\org.eclipse.equinox.launcher\org.eclipse.equinox.launcher.win32.win32.x86_64_1.3.0.v20260203-2149

VM Arguments:
jvm_args: --add-modules=ALL-SYSTEM --add-opens=java.base/java.util=ALL-UNNAMED --add-opens=java.base/java.lang=ALL-UNNAMED --add-opens=java.base/sun.nio.fs=ALL-UNNAMED -Declipse.application=org.eclipse.jdt.ls.core.id1 -Dosgi.bundles.defaultStartLevel=4 -Declipse.product=org.eclipse.jdt.ls.core.product -Djava.import.generatesMetadataFilesAtProjectRoot=false -DDetectVMInstallationsJob.disabled=true -Dfile.encoding=utf8 -XX:+UseParallelGC -XX:GCTimeRatio=4 -XX:AdaptiveSizePolicyWeight=90 -Dsun.zip.disableMemoryMapping=true -Xmx2G -Xms100m -Xlog:disable -javaagent:c:\Users\ASUS\.vscode\extensions\redhat.java-1.53.0-win32-x64\lombok\lombok-1.18.39-4050.jar 
java_command: c:\Users\ASUS\.vscode\extensions\redhat.java-1.53.0-win32-x64\server\plugins\org.eclipse.equinox.launcher_1.7.100.v20251111-0406.jar -configuration c:\Users\ASUS\AppData\Roaming\Code\User\globalStorage\redhat.java\1.53.0\config_ss_win -data c:\Users\ASUS\AppData\Roaming\Code\User\workspaceStorage\e35040fb4e7bbefd65871bbb2864516b\redhat.java\ss_ws --pipe=\\.\pipe\lsp-64c0c50b0f8ff458022ee665a9c46eda-sock
java_class_path (initial): c:\Users\ASUS\.vscode\extensions\redhat.java-1.53.0-win32-x64\server\plugins\org.eclipse.equinox.launcher_1.7.100.v20251111-0406.jar
Launcher Type: SUN_STANDARD

[Global flags]
    uintx AdaptiveSizePolicyWeight                 = 90                                        {product} {command line}
     intx CICompilerCount                          = 12                                        {product} {ergonomic}
    uintx GCTimeRatio                              = 4                                         {product} {command line}
   size_t InitialHeapSize                          = 104857600                                 {product} {command line}
   size_t MaxHeapSize                              = 2147483648                                {product} {command line}
   size_t MaxNewSize                               = 715653120                                 {product} {ergonomic}
   size_t MinHeapDeltaBytes                        = 524288                                    {product} {ergonomic}
   size_t MinHeapSize                              = 104857600                                 {product} {command line}
   size_t NewSize                                  = 34603008                                  {product} {ergonomic}
    uintx NonNMethodCodeHeapSize                   = 7602480                                {pd product} {ergonomic}
    uintx NonProfiledCodeHeapSize                  = 122027880                              {pd product} {ergonomic}
   size_t OldSize                                  = 70254592                                  {product} {ergonomic}
    uintx ProfiledCodeHeapSize                     = 122027880                              {pd product} {ergonomic}
    uintx ReservedCodeCacheSize                    = 251658240                              {pd product} {ergonomic}
     bool SegmentedCodeCache                       = true                                      {product} {ergonomic}
   size_t SoftMaxHeapSize                          = 2147483648                             {manageable} {ergonomic}
     bool UseCompressedOops                        = true                           {product lp64_product} {ergonomic}
     bool UseLargePagesIndividualAllocation        = false                                  {pd product} {ergonomic}
     bool UseParallelGC                            = true                                      {product} {command line}

Logging:
Log output configuration:
 #0: stdout all=off uptime,level,tags foldmultilines=false
 #1: stderr all=off uptime,level,tags foldmultilines=false

Release file:
JAVA_VERSION="21.0.10" 
MODULES="java.base java.compiler java.datatransfer java.xml java.prefs java.desktop java.instrument java.logging java.management java.security.sasl java.naming java.rmi java.management.rmi java.net.http java.scripting java.security.jgss java.transaction.xa java.sql java.sql.rowset java.xml.crypto java.se java.smartcardio jdk.accessibility jdk.internal.jvmstat jdk.attach jdk.charsets jdk.internal.opt jdk.zipfs jdk.compiler jdk.crypto.ec jdk.crypto.cryptoki jdk.crypto.mscapi jdk.dynalink jdk.internal.ed jdk.editpad jdk.hotspot.agent jdk.httpserver jdk.internal.le jdk.internal.vm.ci jdk.internal.vm.compiler jdk.internal.vm.compiler.management jdk.jartool jdk.javadoc jdk.jcmd jdk.management jdk.management.agent jdk.jconsole jdk.jdeps jdk.jdwp.agent jdk.jdi jdk.jfr jdk.jshell jdk.jsobject jdk.jstatd jdk.localedata jdk.management.jfr jdk.naming.dns jdk.naming.rmi jdk.net jdk.nio.mapmode jdk.random jdk.sctp jdk.security.auth jdk.security.jgss jdk.unsupported jdk.unsupported.desktop jdk.xml.dom" 

Environment Variables:
JAVA_HOME=C:\Program Files\Java\jdk-21
PATH=C:\Users\ASUS\AppData\Local\Programs\Microsoft VS Code;C:\Python36\Scripts;C:\Program Files\Python311\Scripts\;C:\Program Files\Python311\;C:\WINDOWS\system32;C:\WINDOWS;C:\WINDOWS\System32\Wbem;C:\WINDOWS\System32\WindowsPowerShell\v1.0\;C:\WINDOWS\System32\OpenSSH\;C:\MinGW\bin;C:\Users\ASUS\AppData\Local\Packages\PythonSoftwareFoundation.Python.3.11_qbz5n2kfra8p0\LocalCache\local-packa;C:\Users\ASUS\AppData\Local\Microsoft\WindowsApps\python.exe;C:\Program Files\Python312\Scripts;C:\Users\ASUS\AppData\Roaming\Python\Python312\site-packages;C:\Users\ASUS\Git LFS;C:\Program Files\Git\cmd;C:\ProgramData\chocolatey\bin;node_modules\npm\bin;C:\Program Files\Python311;C:\Program Files (x86)\Yarn\bin\;C:\Program Files (x86)\nvm;C:\Program Files\nodejs;C:\Users\ASUS\kolibriSSH\Yarn\bin\;C:\Users\ASUS\AppData\Local\Programs\Microsoft VS Code;C:\Users\ASUS\AppData\Roaming\Python\Python311\site-packages;C:\Program Files\dotnet\;C:\Users\ASUS\AppData\Roaming\Python\Python311\Scripts;C:\Program Files\MySQL\MySQL Server 8.0\bin;C:\Program Files\OpenJDK17U-jdk_x64_windows_hotspot_17.0.18_8.msi;C:\Program Files\apache-maven-3.9.14\bin;C:\Program Files\Java\jdk-21\bin;C:\Users\ASUS\AppData\Local\Microsoft\WindowsApps;C:\Users\ASUS\AppData\Local\Programs\Microsoft VS Code\bin
USERNAME=ASUS
OS=Windows_NT
PROCESSOR_IDENTIFIER=Intel64 Family 6 Model 154 Stepping 3, GenuineIntel
TMP=C:\Users\ASUS\AppData\Local\Temp
TEMP=C:\Users\ASUS\AppData\Local\Temp




Periodic native trim disabled

---------------  S Y S T E M  ---------------

OS:
 Windows 11 , 64 bit Build 26100 (10.0.26100.7920)
OS uptime: 0 days 16:42 hours
Hyper-V role detected

CPU: total 16 (initial active 16) (8 cores per cpu, 2 threads per core) family 6 model 154 stepping 3 microcode 0x42c, cx8, cmov, fxsr, ht, mmx, 3dnowpref, sse, sse2, sse3, ssse3, sse4.1, sse4.2, popcnt, lzcnt, tsc, tscinvbit, avx, avx2, aes, erms, clmul, bmi1, bmi2, adx, sha, fma, vzeroupper, clflush, clflushopt, clwb, hv, serialize, rdtscp, rdpid, fsrm, f16c, cet_ibt, cet_ss
Processor Information for processor 0
  Max Mhz: 2500, Current Mhz: 2500, Mhz Limit: 2500
Processor Information for processor 1
  Max Mhz: 2500, Current Mhz: 2500, Mhz Limit: 2500
Processor Information for processor 2
  Max Mhz: 2500, Current Mhz: 2500, Mhz Limit: 2500
Processor Information for processor 3
  Max Mhz: 2500, Current Mhz: 2500, Mhz Limit: 2500
Processor Information for processor 4
  Max Mhz: 2500, Current Mhz: 2500, Mhz Limit: 2500
Processor Information for processor 5
  Max Mhz: 2500, Current Mhz: 2500, Mhz Limit: 2500
Processor Information for processor 6
  Max Mhz: 2500, Current Mhz: 2500, Mhz Limit: 2500
Processor Information for processor 7
  Max Mhz: 2500, Current Mhz: 2500, Mhz Limit: 2500
Processor Information for processor 8
  Max Mhz: 2500, Current Mhz: 1800, Mhz Limit: 1800
Processor Information for processor 9
  Max Mhz: 2500, Current Mhz: 1500, Mhz Limit: 1800
Processor Information for processor 10
  Max Mhz: 2500, Current Mhz: 1800, Mhz Limit: 1800
Processor Information for processor 11
  Max Mhz: 2500, Current Mhz: 1800, Mhz Limit: 1800
Processor Information for processor 12
  Max Mhz: 2500, Current Mhz: 1800, Mhz Limit: 1800
Processor Information for processor 13
  Max Mhz: 2500, Current Mhz: 1500, Mhz Limit: 1800
Processor Information for processor 14
  Max Mhz: 2500, Current Mhz: 1500, Mhz Limit: 1800
Processor Information for processor 15
  Max Mhz: 2500, Current Mhz: 1500, Mhz Limit: 1800

Memory: 4k page, system-wide physical 16069M (4331M free)
TotalPageFile size 16069M (AvailPageFile size 40M)
current process WorkingSet (physical memory assigned to process): 101M, peak: 101M
current process commit charge ("private bytes"): 264M, peak: 264M

vm_info: OpenJDK 64-Bit Server VM (21.0.10+7-LTS) for windows-amd64 JRE (21.0.10+7-LTS), built on 2026-01-20T00:00:00Z by "admin" with MS VC++ 17.12 (VS2022)

END.
