#
# There is insufficient memory for the Java Runtime Environment to continue.
# Native memory allocation (malloc) failed to allocate 245216 bytes. Error detail: Chunk::new
# Possible reasons:
#   The system is out of physical RAM or swap space
#   This process is running with CompressedOops enabled, and the Java Heap may be blocking the growth of the native heap
# Possible solutions:
#   Reduce memory load on the system
#   Increase physical memory or swap space
#   Check if swap backing store is full
#   Decrease Java heap size (-Xmx/-Xms)
#   Decrease number of Java threads
#   Decrease Java thread stack sizes (-Xss)
#   Set larger code cache with -XX:ReservedCodeCacheSize=
#   JVM is running with Unscaled Compressed Oops mode in which the Java heap is
#     placed in the first 4GB address space. The Java Heap base address is the
#     maximum limit for the native heap growth. Please use -XX:HeapBaseMinAddress
#     to set the Java Heap base and to place the Java Heap above 4GB virtual address.
# This output file may be truncated or incomplete.
#
#  Out of Memory Error (arena.cpp:168), pid=14084, tid=10384
#
# JRE version: OpenJDK Runtime Environment Temurin-21.0.10+7 (21.0.10+7) (build 21.0.10+7-LTS)
# Java VM: OpenJDK 64-Bit Server VM Temurin-21.0.10+7 (21.0.10+7-LTS, mixed mode, sharing, tiered, compressed oops, compressed class ptrs, parallel gc, windows-amd64)
# No core dump will be written. Minidumps are not enabled by default on client versions of Windows
#

---------------  S U M M A R Y ------------

Command Line: --add-modules=ALL-SYSTEM --add-opens=java.base/java.util=ALL-UNNAMED --add-opens=java.base/java.lang=ALL-UNNAMED --add-opens=java.base/sun.nio.fs=ALL-UNNAMED -Declipse.application=org.eclipse.jdt.ls.core.id1 -Dosgi.bundles.defaultStartLevel=4 -Declipse.product=org.eclipse.jdt.ls.core.product -Djava.import.generatesMetadataFilesAtProjectRoot=false -DDetectVMInstallationsJob.disabled=true -Dfile.encoding=utf8 -XX:+UseParallelGC -XX:GCTimeRatio=4 -XX:AdaptiveSizePolicyWeight=90 -Dsun.zip.disableMemoryMapping=true -Xmx2G -Xms100m -Xlog:disable -javaagent:c:\Users\ASUS\.vscode\extensions\redhat.java-1.53.0-win32-x64\lombok\lombok-1.18.39-4050.jar -XX:+HeapDumpOnOutOfMemoryError -XX:HeapDumpPath=c:\Users\ASUS\AppData\Roaming\Code\User\workspaceStorage\e35040fb4e7bbefd65871bbb2864516b\redhat.java -Daether.dependencyCollector.impl=bf c:\Users\ASUS\.vscode\extensions\redhat.java-1.53.0-win32-x64\server\plugins\org.eclipse.equinox.launcher_1.7.100.v20251111-0406.jar -configuration c:\Users\ASUS\AppData\Roaming\Code\User\globalStorage\redhat.java\1.53.0\config_win -data c:\Users\ASUS\AppData\Roaming\Code\User\workspaceStorage\e35040fb4e7bbefd65871bbb2864516b\redhat.java\jdt_ws --pipe=\\.\pipe\lsp-773ab6557dc2e2d616d8e5cccacab6fc-sock

Host: 12th Gen Intel(R) Core(TM) i5-12500H, 16 cores, 15G,  Windows 11 , 64 bit Build 26100 (10.0.26100.7920)
Time: Wed Apr  1 15:26:14 2026 India Standard Time elapsed time: 57.621752 seconds (0d 0h 0m 57s)

---------------  T H R E A D  ---------------

Current thread (0x000001c59434d840):  JavaThread "C2 CompilerThread0" daemon [_thread_in_native, id=10384, stack(0x000000bbd9e00000,0x000000bbd9f00000) (1024K)]


Current CompileTask:
C2:57621 2604   !   4       java.lang.String::<init> (880 bytes)

Stack: [0x000000bbd9e00000,0x000000bbd9f00000]
Native frames: (J=compiled Java code, j=interpreted, Vv=VM code, C=native code)
V  [jvm.dll+0x6d7a39]
V  [jvm.dll+0x8b4b26]
V  [jvm.dll+0x8b70de]
V  [jvm.dll+0x8b77c3]
V  [jvm.dll+0x284346]
V  [jvm.dll+0xc66ed]
V  [jvm.dll+0xc6c31]
V  [jvm.dll+0x2fb29e]
V  [jvm.dll+0x5fe884]
V  [jvm.dll+0x255b17]
V  [jvm.dll+0x255edd]
V  [jvm.dll+0x24e500]
V  [jvm.dll+0x24ba42]
V  [jvm.dll+0x1cb34e]
V  [jvm.dll+0x25b85d]
V  [jvm.dll+0x259dea]
V  [jvm.dll+0x3f857e]
V  [jvm.dll+0x85f59d]
V  [jvm.dll+0x6d626d]
C  [ucrtbase.dll+0x37b0]
C  [KERNEL32.DLL+0x2e8d7]
C  [ntdll.dll+0x8c48c]


---------------  P R O C E S S  ---------------

Threads class SMR info:
_java_thread_list=0x000001c5ed2e4ba0, length=16, elements={
0x000001c5942944d0, 0x000001c5943343b0, 0x000001c594337740, 0x000001c594339ef0,
0x000001c59433af00, 0x000001c59433ffe0, 0x000001c594345c40, 0x000001c59434d840,
0x000001c5ed085720, 0x000001c5ed32e350, 0x000001c5ed3e35e0, 0x000001c5f38f17c0,
0x000001c5f33a8fe0, 0x000001c5f3408d60, 0x000001c5f313ee60, 0x000001c5ed2e5a90
}

Java Threads: ( => current thread )
  0x000001c5942944d0 JavaThread "main"                              [_thread_blocked, id=17304, stack(0x000000bbd9400000,0x000000bbd9500000) (1024K)]
  0x000001c5943343b0 JavaThread "Reference Handler"          daemon [_thread_blocked, id=16152, stack(0x000000bbd9800000,0x000000bbd9900000) (1024K)]
  0x000001c594337740 JavaThread "Finalizer"                  daemon [_thread_blocked, id=8876, stack(0x000000bbd9900000,0x000000bbd9a00000) (1024K)]
  0x000001c594339ef0 JavaThread "Signal Dispatcher"          daemon [_thread_blocked, id=20176, stack(0x000000bbd9a00000,0x000000bbd9b00000) (1024K)]
  0x000001c59433af00 JavaThread "Attach Listener"            daemon [_thread_blocked, id=15716, stack(0x000000bbd9b00000,0x000000bbd9c00000) (1024K)]
  0x000001c59433ffe0 JavaThread "Service Thread"             daemon [_thread_blocked, id=2108, stack(0x000000bbd9c00000,0x000000bbd9d00000) (1024K)]
  0x000001c594345c40 JavaThread "Monitor Deflation Thread"   daemon [_thread_blocked, id=1820, stack(0x000000bbd9d00000,0x000000bbd9e00000) (1024K)]
=>0x000001c59434d840 JavaThread "C2 CompilerThread0"         daemon [_thread_in_native, id=10384, stack(0x000000bbd9e00000,0x000000bbd9f00000) (1024K)]
  0x000001c5ed085720 JavaThread "C1 CompilerThread0"         daemon [_thread_blocked, id=844, stack(0x000000bbd9f00000,0x000000bbda000000) (1024K)]
  0x000001c5ed32e350 JavaThread "Common-Cleaner"             daemon [_thread_blocked, id=22364, stack(0x000000bbda200000,0x000000bbda300000) (1024K)]
  0x000001c5ed3e35e0 JavaThread "Notification Thread"        daemon [_thread_blocked, id=14216, stack(0x000000bbda500000,0x000000bbda600000) (1024K)]
  0x000001c5f38f17c0 JavaThread "Active Thread: Equinox Container: de00ff0e-6762-40cd-8c62-35ca8f584b89"        [_thread_blocked, id=13548, stack(0x000000bbdaf00000,0x000000bbdb000000) (1024K)]
  0x000001c5f33a8fe0 JavaThread "Refresh Thread: Equinox Container: de00ff0e-6762-40cd-8c62-35ca8f584b89" daemon [_thread_blocked, id=24088, stack(0x000000bbda000000,0x000000bbda100000) (1024K)]
  0x000001c5f3408d60 JavaThread "Framework Event Dispatcher: Equinox Container: de00ff0e-6762-40cd-8c62-35ca8f584b89" daemon [_thread_blocked, id=20772, stack(0x000000bbda300000,0x000000bbda400000) (1024K)]
  0x000001c5f313ee60 JavaThread "Start Level: Equinox Container: de00ff0e-6762-40cd-8c62-35ca8f584b89" daemon [_thread_in_native, id=6072, stack(0x000000bbda400000,0x000000bbda500000) (1024K)]
  0x000001c5ed2e5a90 JavaThread "Bundle File Closer"         daemon [_thread_blocked, id=22080, stack(0x000000bbda100000,0x000000bbda200000) (1024K)]
Total: 16

Other Threads:
  0x000001c59432f850 VMThread "VM Thread"                           [id=19240, stack(0x000000bbd9700000,0x000000bbd9800000) (1024K)]
  0x000001c59411ca00 WatcherThread "VM Periodic Task Thread"        [id=3260, stack(0x000000bbd9600000,0x000000bbd9700000) (1024K)]
  0x000001c5942b1b40 WorkerThread "GC Thread#0"                     [id=10840, stack(0x000000bbd9500000,0x000000bbd9600000) (1024K)]
  0x000001c5f384c9f0 WorkerThread "GC Thread#1"                     [id=13872, stack(0x000000bbda800000,0x000000bbda900000) (1024K)]
  0x000001c5f384cda0 WorkerThread "GC Thread#2"                     [id=1756, stack(0x000000bbda900000,0x000000bbdaa00000) (1024K)]
  0x000001c5f384d150 WorkerThread "GC Thread#3"                     [id=14656, stack(0x000000bbdaa00000,0x000000bbdab00000) (1024K)]
  0x000001c5f384d500 WorkerThread "GC Thread#4"                     [id=4868, stack(0x000000bbdab00000,0x000000bbdac00000) (1024K)]
  0x000001c5f3226fc0 WorkerThread "GC Thread#5"                     [id=16276, stack(0x000000bbdac00000,0x000000bbdad00000) (1024K)]
  0x000001c5f3227370 WorkerThread "GC Thread#6"                     [id=4304, stack(0x000000bbdad00000,0x000000bbdae00000) (1024K)]
  0x000001c5f3a40aa0 WorkerThread "GC Thread#7"                     [id=13876, stack(0x000000bbdb000000,0x000000bbdb100000) (1024K)]
  0x000001c5f37f27d0 WorkerThread "GC Thread#8"                     [id=9016, stack(0x000000bbdb100000,0x000000bbdb200000) (1024K)]
  0x000001c5f31751f0 WorkerThread "GC Thread#9"                     [id=11864, stack(0x000000bbdb200000,0x000000bbdb300000) (1024K)]
  0x000001c5ed35a6f0 WorkerThread "GC Thread#10"                    [id=19792, stack(0x000000bbdb300000,0x000000bbdb400000) (1024K)]
  0x000001c5f36deda0 WorkerThread "GC Thread#11"                    [id=21224, stack(0x000000bbdb400000,0x000000bbdb500000) (1024K)]
  0x000001c5f36df560 WorkerThread "GC Thread#12"                    [id=16028, stack(0x000000bbdb500000,0x000000bbdb600000) (1024K)]
Total: 15

Threads with active compile tasks:
C2 CompilerThread0  58656 2604   !   4       java.lang.String::<init> (880 bytes)
Total: 1

VM state: not at safepoint (normal execution)

VM Mutex/Monitor currently owned by a thread: None

Heap address: 0x0000000080000000, size: 2048 MB, Compressed Oops mode: 32-bit

CDS archive(s) mapped at: [0x000001c5ab000000-0x000001c5abba0000-0x000001c5abba0000), size 12189696, SharedBaseAddress: 0x000001c5ab000000, ArchiveRelocationMode: 1.
Compressed class space mapped at: 0x000001c5ac000000-0x000001c5ec000000, reserved size: 1073741824
Narrow klass base: 0x000001c5ab000000, Narrow klass shift: 0, Narrow klass range: 0x100000000

GC Precious Log:
 CardTable entry size: 512
 CPUs: 16 total, 16 available
 Memory: 16069M
 Large Page Support: Disabled
 NUMA Support: Disabled
 Compressed Oops: Enabled (32-bit)
 Alignments: Space 512K, Generation 512K, Heap 2M
 Heap Min Capacity: 100M
 Heap Initial Capacity: 100M
 Heap Max Capacity: 2G
 Pre-touch: Disabled
 Parallel Workers: 13

Heap:
 PSYoungGen      total 29696K, used 16281K [0x00000000d5580000, 0x00000000d7680000, 0x0000000100000000)
  eden space 25600K, 47% used [0x00000000d5580000,0x00000000d61667e0,0x00000000d6e80000)
  from space 4096K, 99% used [0x00000000d6e80000,0x00000000d727ffb8,0x00000000d7280000)
  to   space 4096K, 0% used [0x00000000d7280000,0x00000000d7280000,0x00000000d7680000)
 ParOldGen       total 68608K, used 4276K [0x0000000080000000, 0x0000000084300000, 0x00000000d5580000)
  object space 68608K, 6% used [0x0000000080000000,0x000000008042d078,0x0000000084300000)
 Metaspace       used 9909K, committed 10176K, reserved 1114112K
  class space    used 1023K, committed 1152K, reserved 1048576K

Card table byte_map: [0x000001c593c30000,0x000001c594040000] _byte_map_base: 0x000001c593830000

Marking Bits: (ParMarkBitMap*) 0x00007ff977cf3450
 Begin Bits: [0x000001c5a6740000, 0x000001c5a8740000)
 End Bits:   [0x000001c5a8740000, 0x000001c5aa740000)

Polling page: 0x000001c592090000

Metaspace:

Usage:
  Non-class:      8.68 MB used.
      Class:   1023.75 KB used.
       Both:      9.68 MB used.

Virtual space:
  Non-class space:       64.00 MB reserved,       8.81 MB ( 14%) committed,  1 nodes.
      Class space:        1.00 GB reserved,       1.12 MB ( <1%) committed,  1 nodes.
             Both:        1.06 GB reserved,       9.94 MB ( <1%) committed. 

Chunk freelists:
   Non-Class:  6.56 MB
       Class:  14.78 MB
        Both:  21.34 MB

MaxMetaspaceSize: unlimited
CompressedClassSpaceSize: 1.00 GB
Initial GC threshold: 21.00 MB
Current GC threshold: 21.00 MB
CDS: on
 - commit_granule_bytes: 65536.
 - commit_granule_words: 8192.
 - virtual_space_node_default_size: 8388608.
 - enlarge_chunks_in_place: 1.
 - use_allocation_guard: 0.


Internal statistics:

num_allocs_failed_limit: 0.
num_arena_births: 258.
num_arena_deaths: 0.
num_vsnodes_births: 2.
num_vsnodes_deaths: 0.
num_space_committed: 159.
num_space_uncommitted: 0.
num_chunks_returned_to_freelist: 0.
num_chunks_taken_from_freelist: 519.
num_chunk_merges: 0.
num_chunk_splits: 331.
num_chunks_enlarged: 219.
num_inconsistent_stats: 0.

CodeHeap 'non-profiled nmethods': size=119168Kb used=1184Kb max_used=1184Kb free=117983Kb
 bounds [0x000001c59f030000, 0x000001c59f2a0000, 0x000001c5a6490000]
CodeHeap 'profiled nmethods': size=119104Kb used=5114Kb max_used=5114Kb free=113989Kb
 bounds [0x000001c597490000, 0x000001c597990000, 0x000001c59e8e0000]
CodeHeap 'non-nmethods': size=7488Kb used=1228Kb max_used=2947Kb free=6259Kb
 bounds [0x000001c59e8e0000, 0x000001c59ebd0000, 0x000001c59f030000]
CodeCache: size=245760Kb, used=7526Kb, max_used=9245Kb, free=238231Kb
 total_blobs=3092, nmethods=2599, adapters=399, full_count=0
Compilation: enabled, stopped_count=0, restarted_count=0

Compilation events (20 events):
Event: 48.058 Thread 0x000001c5ed085720 nmethod 2594 0x000001c597989a90 code [0x000001c597989cc0, 0x000001c59798a298]
Event: 49.882 Thread 0x000001c5ed085720 2595   !   3       java.util.concurrent.locks.LockSupport::parkNanos (56 bytes)
Event: 49.883 Thread 0x000001c5ed085720 nmethod 2595 0x000001c59798a510 code [0x000001c59798a720, 0x000001c59798ab60]
Event: 50.455 Thread 0x000001c5ed085720 2596       3       java.nio.file.Files::provider (10 bytes)
Event: 50.456 Thread 0x000001c5ed085720 nmethod 2596 0x000001c59798ad10 code [0x000001c59798aec0, 0x000001c59798b0b8]
Event: 50.456 Thread 0x000001c5ed085720 2597       3       sun.nio.fs.WindowsPath::getFileSystem (5 bytes)
Event: 50.456 Thread 0x000001c5ed085720 nmethod 2597 0x000001c59798b210 code [0x000001c59798b3a0, 0x000001c59798b4d8]
Event: 50.456 Thread 0x000001c5ed085720 2598       3       sun.nio.fs.WindowsPath::toWindowsPath (32 bytes)
Event: 50.456 Thread 0x000001c5ed085720 nmethod 2598 0x000001c59798b590 code [0x000001c59798b760, 0x000001c59798bbe0]
Event: 50.725 Thread 0x000001c5ed085720 2600       3       java.util.concurrent.locks.AbstractQueuedSynchronizer::cleanQueue (174 bytes)
Event: 50.726 Thread 0x000001c5ed085720 nmethod 2600 0x000001c59798bd10 code [0x000001c59798bfe0, 0x000001c59798ce38]
Event: 50.726 Thread 0x000001c5ed085720 2601       3       java.util.concurrent.locks.AbstractQueuedSynchronizer$Node::setPrevRelaxed (12 bytes)
Event: 50.726 Thread 0x000001c5ed085720 nmethod 2601 0x000001c59798d210 code [0x000001c59798d3a0, 0x000001c59798d4d0]
Event: 50.726 Thread 0x000001c5ed085720 2599       3       java.util.concurrent.locks.AbstractQueuedSynchronizer::cancelAcquire (45 bytes)
Event: 50.727 Thread 0x000001c5ed085720 nmethod 2599 0x000001c59798d590 code [0x000001c59798d760, 0x000001c59798dab8]
Event: 50.916 Thread 0x000001c5ed085720 2602       3       java.lang.invoke.LambdaForm$MH/0x000001c5ac138000::invoke (43 bytes)
Event: 50.917 Thread 0x000001c5ed085720 nmethod 2602 0x000001c59798dc10 code [0x000001c59798de40, 0x000001c59798e7e0]
Event: 51.579 Thread 0x000001c59434d840 2604   !   4       java.lang.String::<init> (880 bytes)
Event: 51.580 Thread 0x000001c5ed085720 2605       1       org.eclipse.osgi.storage.bundlefile.BundleFile::setMruIndex (6 bytes)
Event: 51.580 Thread 0x000001c5ed085720 nmethod 2605 0x000001c59f157d90 code [0x000001c59f157f20, 0x000001c59f157fe8]

GC Heap History (6 events):
Event: 0.775 GC heap before
{Heap before GC invocations=1 (full 0):
 PSYoungGen      total 29696K, used 25600K [0x00000000d5580000, 0x00000000d7680000, 0x0000000100000000)
  eden space 25600K, 100% used [0x00000000d5580000,0x00000000d6e80000,0x00000000d6e80000)
  from space 4096K, 0% used [0x00000000d7280000,0x00000000d7280000,0x00000000d7680000)
  to   space 4096K, 0% used [0x00000000d6e80000,0x00000000d6e80000,0x00000000d7280000)
 ParOldGen       total 68608K, used 0K [0x0000000080000000, 0x0000000084300000, 0x00000000d5580000)
  object space 68608K, 0% used [0x0000000080000000,0x0000000080000000,0x0000000084300000)
 Metaspace       used 4158K, committed 4416K, reserved 1114112K
  class space    used 453K, committed 576K, reserved 1048576K
}
Event: 0.779 GC heap after
{Heap after GC invocations=1 (full 0):
 PSYoungGen      total 29696K, used 3684K [0x00000000d5580000, 0x00000000d7680000, 0x0000000100000000)
  eden space 25600K, 0% used [0x00000000d5580000,0x00000000d5580000,0x00000000d6e80000)
  from space 4096K, 89% used [0x00000000d6e80000,0x00000000d7219290,0x00000000d7280000)
  to   space 4096K, 0% used [0x00000000d7280000,0x00000000d7280000,0x00000000d7680000)
 ParOldGen       total 68608K, used 16K [0x0000000080000000, 0x0000000084300000, 0x00000000d5580000)
  object space 68608K, 0% used [0x0000000080000000,0x0000000080004000,0x0000000084300000)
 Metaspace       used 4158K, committed 4416K, reserved 1114112K
  class space    used 453K, committed 576K, reserved 1048576K
}
Event: 1.248 GC heap before
{Heap before GC invocations=2 (full 0):
 PSYoungGen      total 29696K, used 29284K [0x00000000d5580000, 0x00000000d7680000, 0x0000000100000000)
  eden space 25600K, 100% used [0x00000000d5580000,0x00000000d6e80000,0x00000000d6e80000)
  from space 4096K, 89% used [0x00000000d6e80000,0x00000000d7219290,0x00000000d7280000)
  to   space 4096K, 0% used [0x00000000d7280000,0x00000000d7280000,0x00000000d7680000)
 ParOldGen       total 68608K, used 16K [0x0000000080000000, 0x0000000084300000, 0x00000000d5580000)
  object space 68608K, 0% used [0x0000000080000000,0x0000000080004000,0x0000000084300000)
 Metaspace       used 7820K, committed 8192K, reserved 1114112K
  class space    used 808K, committed 960K, reserved 1048576K
}
Event: 1.254 GC heap after
{Heap after GC invocations=2 (full 0):
 PSYoungGen      total 29696K, used 4089K [0x00000000d5580000, 0x00000000d7680000, 0x0000000100000000)
  eden space 25600K, 0% used [0x00000000d5580000,0x00000000d5580000,0x00000000d6e80000)
  from space 4096K, 99% used [0x00000000d7280000,0x00000000d767e4e8,0x00000000d7680000)
  to   space 4096K, 0% used [0x00000000d6e80000,0x00000000d6e80000,0x00000000d7280000)
 ParOldGen       total 68608K, used 1977K [0x0000000080000000, 0x0000000084300000, 0x00000000d5580000)
  object space 68608K, 2% used [0x0000000080000000,0x00000000801ee6a8,0x0000000084300000)
 Metaspace       used 7820K, committed 8192K, reserved 1114112K
  class space    used 808K, committed 960K, reserved 1048576K
}
Event: 32.568 GC heap before
{Heap before GC invocations=3 (full 0):
 PSYoungGen      total 29696K, used 29689K [0x00000000d5580000, 0x00000000d7680000, 0x0000000100000000)
  eden space 25600K, 100% used [0x00000000d5580000,0x00000000d6e80000,0x00000000d6e80000)
  from space 4096K, 99% used [0x00000000d7280000,0x00000000d767e4e8,0x00000000d7680000)
  to   space 4096K, 0% used [0x00000000d6e80000,0x00000000d6e80000,0x00000000d7280000)
 ParOldGen       total 68608K, used 1977K [0x0000000080000000, 0x0000000084300000, 0x00000000d5580000)
  object space 68608K, 2% used [0x0000000080000000,0x00000000801ee6a8,0x0000000084300000)
 Metaspace       used 9764K, committed 10112K, reserved 1114112K
  class space    used 1022K, committed 1152K, reserved 1048576K
}
Event: 32.575 GC heap after
{Heap after GC invocations=3 (full 0):
 PSYoungGen      total 29696K, used 4095K [0x00000000d5580000, 0x00000000d7680000, 0x0000000100000000)
  eden space 25600K, 0% used [0x00000000d5580000,0x00000000d5580000,0x00000000d6e80000)
  from space 4096K, 99% used [0x00000000d6e80000,0x00000000d727ffb8,0x00000000d7280000)
  to   space 4096K, 0% used [0x00000000d7280000,0x00000000d7280000,0x00000000d7680000)
 ParOldGen       total 68608K, used 4276K [0x0000000080000000, 0x0000000084300000, 0x00000000d5580000)
  object space 68608K, 6% used [0x0000000080000000,0x000000008042d078,0x0000000084300000)
 Metaspace       used 9764K, committed 10112K, reserved 1114112K
  class space    used 1022K, committed 1152K, reserved 1048576K
}

Dll operation events (9 events):
Event: 0.014 Loaded shared library c:\Users\ASUS\.vscode\extensions\redhat.java-1.53.0-win32-x64\jre\21.0.10-win32-x86_64\bin\java.dll
Event: 0.097 Loaded shared library c:\Users\ASUS\.vscode\extensions\redhat.java-1.53.0-win32-x64\jre\21.0.10-win32-x86_64\bin\zip.dll
Event: 0.123 Loaded shared library C:\Users\ASUS\.vscode\extensions\redhat.java-1.53.0-win32-x64\jre\21.0.10-win32-x86_64\bin\instrument.dll
Event: 0.129 Loaded shared library C:\Users\ASUS\.vscode\extensions\redhat.java-1.53.0-win32-x64\jre\21.0.10-win32-x86_64\bin\net.dll
Event: 0.133 Loaded shared library C:\Users\ASUS\.vscode\extensions\redhat.java-1.53.0-win32-x64\jre\21.0.10-win32-x86_64\bin\nio.dll
Event: 0.138 Loaded shared library C:\Users\ASUS\.vscode\extensions\redhat.java-1.53.0-win32-x64\jre\21.0.10-win32-x86_64\bin\zip.dll
Event: 0.162 Loaded shared library C:\Users\ASUS\.vscode\extensions\redhat.java-1.53.0-win32-x64\jre\21.0.10-win32-x86_64\bin\jimage.dll
Event: 0.277 Loaded shared library c:\Users\ASUS\.vscode\extensions\redhat.java-1.53.0-win32-x64\jre\21.0.10-win32-x86_64\bin\verify.dll
Event: 28.541 Loaded shared library C:\Users\ASUS\AppData\Roaming\Code\User\globalStorage\redhat.java\1.53.0\config_win\org.eclipse.equinox.launcher\org.eclipse.equinox.launcher.win32.win32.x86_64_1.3.0.v20260203-2149\eclipse_11919.dll

Deoptimization events (20 events):
Event: 36.434 Thread 0x000001c5f313ee60 Uncommon trap: trap_request=0xffffff45 fr.pc=0x000001c59f143118 relative=0x0000000000000e58
Event: 36.434 Thread 0x000001c5f313ee60 Uncommon trap: reason=unstable_if action=reinterpret pc=0x000001c59f143118 method=java.lang.String.<init>(Ljava/nio/charset/Charset;[BII)V @ 56 c2
Event: 36.434 Thread 0x000001c5f313ee60 DEOPT PACKING pc=0x000001c59f143118 sp=0x000000bbda4fde70
Event: 36.434 Thread 0x000001c5f313ee60 DEOPT UNPACKING pc=0x000001c59e933aa2 sp=0x000000bbda4fde10 mode 2
Event: 36.435 Thread 0x000001c5f313ee60 Uncommon trap: trap_request=0xffffff45 fr.pc=0x000001c59f051f5c relative=0x00000000000001bc
Event: 36.435 Thread 0x000001c5f313ee60 Uncommon trap: reason=unstable_if action=reinterpret pc=0x000001c59f051f5c method=java.lang.String.isLatin1()Z @ 10 c2
Event: 36.435 Thread 0x000001c5f313ee60 DEOPT PACKING pc=0x000001c59f051f5c sp=0x000000bbda4fdf70
Event: 36.435 Thread 0x000001c5f313ee60 DEOPT UNPACKING pc=0x000001c59e933aa2 sp=0x000000bbda4fde40 mode 2
Event: 36.435 Thread 0x000001c5f313ee60 Uncommon trap: trap_request=0xffffff45 fr.pc=0x000001c59f08628c relative=0x000000000000052c
Event: 36.435 Thread 0x000001c5f313ee60 Uncommon trap: reason=unstable_if action=reinterpret pc=0x000001c59f08628c method=java.lang.String.substring(II)Ljava/lang/String; @ 31 c2
Event: 36.435 Thread 0x000001c5f313ee60 DEOPT PACKING pc=0x000001c59f08628c sp=0x000000bbda4fdf20
Event: 36.435 Thread 0x000001c5f313ee60 DEOPT UNPACKING pc=0x000001c59e933aa2 sp=0x000000bbda4fdef0 mode 2
Event: 46.709 Thread 0x000001c5f313ee60 Uncommon trap: trap_request=0xffffff45 fr.pc=0x000001c59f0478a0 relative=0x0000000000000100
Event: 46.709 Thread 0x000001c5f313ee60 Uncommon trap: reason=unstable_if action=reinterpret pc=0x000001c59f0478a0 method=java.lang.StringCoding.countPositives([BII)I @ 17 c2
Event: 46.709 Thread 0x000001c5f313ee60 DEOPT PACKING pc=0x000001c59f0478a0 sp=0x000000bbda4fd210
Event: 46.709 Thread 0x000001c5f313ee60 DEOPT UNPACKING pc=0x000001c59e933aa2 sp=0x000000bbda4fd198 mode 2
Event: 48.072 Thread 0x000001c5f313ee60 DEOPT PACKING pc=0x000001c5979898c9 sp=0x000000bbda4fd220
Event: 48.072 Thread 0x000001c5f313ee60 DEOPT UNPACKING pc=0x000001c59e934242 sp=0x000000bbda4fc690 mode 0
Event: 51.417 Thread 0x000001c5f313ee60 DEOPT PACKING pc=0x000001c5979898c9 sp=0x000000bbda4fd220
Event: 51.417 Thread 0x000001c5f313ee60 DEOPT UNPACKING pc=0x000001c59e934242 sp=0x000000bbda4fc690 mode 0

Classes loaded (20 events):
Event: 31.426 Loading class sun/util/locale/provider/TimeZoneNameProviderImpl done
Event: 31.426 Loading class sun/util/cldr/CLDRTimeZoneNameProviderImpl done
Event: 31.429 Loading class sun/util/locale/provider/BaseLocaleDataMetaInfo
Event: 31.429 Loading class sun/util/locale/provider/BaseLocaleDataMetaInfo done
Event: 31.433 Loading class sun/util/resources/cldr/TimeZoneNames
Event: 31.433 Loading class sun/util/resources/TimeZoneNamesBundle
Event: 31.433 Loading class sun/util/resources/OpenListResourceBundle
Event: 31.433 Loading class sun/util/resources/OpenListResourceBundle done
Event: 31.433 Loading class sun/util/resources/TimeZoneNamesBundle done
Event: 31.433 Loading class sun/util/resources/cldr/TimeZoneNames done
Event: 31.433 Loading class sun/util/resources/cldr/TimeZoneNames_en
Event: 31.434 Loading class sun/util/resources/cldr/TimeZoneNames_en done
Event: 31.435 Loading class sun/util/resources/cldr/TimeZoneNames_en_US
Event: 31.435 Loading class sun/util/resources/cldr/TimeZoneNames_en_US done
Event: 31.436 Loading class sun/util/cldr/CLDRBaseLocaleDataMetaInfo$TZCanonicalIDMapHolder
Event: 31.437 Loading class sun/util/cldr/CLDRBaseLocaleDataMetaInfo$TZCanonicalIDMapHolder done
Event: 31.439 Loading class sun/util/resources/TimeZoneNames
Event: 31.440 Loading class sun/util/resources/TimeZoneNames done
Event: 31.440 Loading class sun/util/resources/TimeZoneNames_en
Event: 31.440 Loading class sun/util/resources/TimeZoneNames_en done

Classes unloaded (0 events):
No events

Classes redefined (0 events):
No events

Internal exceptions (20 events):
Event: 0.835 Thread 0x000001c5942944d0 Implicit null exception at 0x000001c59f08e9a9 to 0x000001c59f08f21c
Event: 0.836 Thread 0x000001c5942944d0 Implicit null exception at 0x000001c59f09de9a to 0x000001c59f09e0a4
Event: 0.836 Thread 0x000001c5942944d0 Exception <a 'java/lang/NoSuchMethodError'{0x00000000d58b3128}: 'void java.lang.invoke.DirectMethodHandle$Holder.invokeStatic(java.lang.Object, java.lang.Object, java.lang.Object, java.lang.Object)'> (0x00000000d58b3128) 
thrown [s\src\hotspot\share\interpreter\linkResolver.cpp, line 773]
Event: 0.837 Thread 0x000001c5942944d0 Implicit null exception at 0x000001c59f08c7bc to 0x000001c59f08ca48
Event: 0.837 Thread 0x000001c5942944d0 Implicit null exception at 0x000001c59f09093d to 0x000001c59f0909c1
Event: 0.911 Thread 0x000001c5942944d0 Exception <a 'java/lang/NoSuchMethodError'{0x00000000d5bdc8d8}: 'void java.lang.invoke.DirectMethodHandle$Holder.invokeSpecial(java.lang.Object, java.lang.Object, java.lang.Object)'> (0x00000000d5bdc8d8) 
thrown [s\src\hotspot\share\interpreter\linkResolver.cpp, line 773]
Event: 1.123 Thread 0x000001c5942944d0 Exception <a 'java/lang/NoSuchMethodError'{0x00000000d668e458}: 'int java.lang.invoke.DirectMethodHandle$Holder.invokeVirtual(java.lang.Object, java.lang.Object)'> (0x00000000d668e458) 
thrown [s\src\hotspot\share\interpreter\linkResolver.cpp, line 773]
Event: 1.165 Thread 0x000001c5942944d0 Exception <a 'java/lang/NoSuchMethodError'{0x00000000d68055b0}: 'int java.lang.invoke.DirectMethodHandle$Holder.invokeStaticInit(java.lang.Object, java.lang.Object, java.lang.Object, java.lang.Object)'> (0x00000000d68055b0) 
thrown [s\src\hotspot\share\interpreter\linkResolver.cpp, line 773]
Event: 1.166 Thread 0x000001c5942944d0 Exception <a 'java/lang/IncompatibleClassChangeError'{0x00000000d680dd88}: Found class java.lang.Object, but interface was expected> (0x00000000d680dd88) 
thrown [s\src\hotspot\share\interpreter\linkResolver.cpp, line 840]
Event: 1.167 Thread 0x000001c5942944d0 Exception <a 'java/lang/NoSuchMethodError'{0x00000000d6814358}: 'void java.lang.invoke.DirectMethodHandle$Holder.invokeStaticInit(java.lang.Object, java.lang.Object)'> (0x00000000d6814358) 
thrown [s\src\hotspot\share\interpreter\linkResolver.cpp, line 773]
Event: 1.168 Thread 0x000001c5942944d0 Exception <a 'java/lang/NoSuchMethodError'{0x00000000d681d480}: 'int java.lang.invoke.DirectMethodHandle$Holder.invokeStaticInit(java.lang.Object, java.lang.Object)'> (0x00000000d681d480) 
thrown [s\src\hotspot\share\interpreter\linkResolver.cpp, line 773]
Event: 1.194 Thread 0x000001c5942944d0 Exception <a 'java/lang/NoSuchMethodError'{0x00000000d6a6e330}: 'java.lang.Object java.lang.invoke.DirectMethodHandle$Holder.newInvokeSpecial(java.lang.Object, int, java.lang.Object)'> (0x00000000d6a6e330) 
thrown [s\src\hotspot\share\interpreter\linkResolver.cpp, line 773]
Event: 1.221 Thread 0x000001c5942944d0 Exception <a 'java/lang/ClassNotFoundException'{0x00000000d6c86b48}: sun/net/www/protocol/plurl/Handler> (0x00000000d6c86b48) 
thrown [s\src\hotspot\share\classfile\systemDictionary.cpp, line 312]
Event: 1.221 Thread 0x000001c5942944d0 Exception <a 'java/lang/ClassNotFoundException'{0x00000000d6c879c8}: sun/net/www/protocol/plurl/Handler> (0x00000000d6c879c8) 
thrown [s\src\hotspot\share\classfile\systemDictionary.cpp, line 312]
Event: 24.514 Thread 0x000001c5942944d0 Exception <a 'java/lang/UnsatisfiedLinkError'{0x00000000d58a8788}: 'void org.eclipse.equinox.launcher.JNIBridge._update_splash()'> (0x00000000d58a8788) 
thrown [s\src\hotspot\share\prims\nativeLookup.cpp, line 415]
Event: 24.534 Thread 0x000001c5f33a8fe0 Exception <a 'java/lang/NoSuchMethodError'{0x00000000d5b27a38}: 'void java.lang.invoke.DirectMethodHandle$Holder.invokeInterface(java.lang.Object, java.lang.Object, java.lang.Object)'> (0x00000000d5b27a38) 
thrown [s\src\hotspot\share\interpreter\linkResolver.cpp, line 773]
Event: 28.693 Thread 0x000001c5f313ee60 Exception <a 'java/lang/NoSuchMethodError'{0x00000000d5ee9678}: 'java.lang.Object java.lang.invoke.DirectMethodHandle$Holder.newInvokeSpecial(java.lang.Object, java.lang.Object, int, java.lang.Object)'> (0x00000000d5ee9678) 
thrown [s\src\hotspot\share\interpreter\linkResolver.cpp, line 773]
Event: 28.694 Thread 0x000001c5f313ee60 Exception <a 'java/lang/NoSuchMethodError'{0x00000000d5eed4a8}: 'java.lang.Object java.lang.invoke.DirectMethodHandle$Holder.invokeSpecial(java.lang.Object, java.lang.Object, java.lang.Object, int, java.lang.Object)'> (0x00000000d5eed4a8) 
thrown [s\src\hotspot\share\interpreter\linkResolver.cpp, line 773]
Event: 28.710 Thread 0x000001c5f313ee60 Exception <a 'java/lang/NoClassDefFoundError'{0x00000000d5f95358}: jakarta/servlet/ServletContainerInitializer> (0x00000000d5f95358) 
thrown [s\src\hotspot\share\classfile\systemDictionary.cpp, line 301]
Event: 28.855 Thread 0x000001c5f313ee60 Exception <a 'java/lang/ClassNotFoundException'{0x00000000d60ea250}: sun/util/logging/resources/spi/loggingProvider> (0x00000000d60ea250) 
thrown [s\src\hotspot\share\classfile\systemDictionary.cpp, line 312]

ZGC Phase Switch (0 events):
No events

VM Operations (20 events):
Event: 28.882 Executing non-safepoint VM operation: HandshakeAllThreads (Deoptimize)
Event: 28.882 Executing non-safepoint VM operation: HandshakeAllThreads (Deoptimize) done
Event: 28.909 Executing non-safepoint VM operation: HandshakeAllThreads (Deoptimize)
Event: 28.909 Executing non-safepoint VM operation: HandshakeAllThreads (Deoptimize) done
Event: 29.906 Executing safepoint VM operation: Cleanup
Event: 29.906 Executing safepoint VM operation: Cleanup done
Event: 31.921 Executing safepoint VM operation: Cleanup
Event: 31.921 Executing safepoint VM operation: Cleanup done
Event: 32.568 Executing safepoint VM operation: ParallelGCFailedAllocation (Allocation Failure)
Event: 32.575 Executing safepoint VM operation: ParallelGCFailedAllocation (Allocation Failure) done
Event: 34.597 Executing safepoint VM operation: Cleanup
Event: 34.597 Executing safepoint VM operation: Cleanup done
Event: 35.611 Executing safepoint VM operation: Cleanup
Event: 35.611 Executing safepoint VM operation: Cleanup done
Event: 36.614 Executing safepoint VM operation: Cleanup
Event: 36.614 Executing safepoint VM operation: Cleanup done
Event: 39.368 Executing non-safepoint VM operation: HandshakeAllThreads (Deoptimize)
Event: 39.368 Executing non-safepoint VM operation: HandshakeAllThreads (Deoptimize) done
Event: 39.368 Executing safepoint VM operation: Cleanup
Event: 39.368 Executing safepoint VM operation: Cleanup done

Memory protections (0 events):
No events

Nmethod flushes (0 events):
No events

Events (20 events):
Event: 28.917 Thread 0x000001c59434d840 Thread added: 0x000001c5ed19d130
Event: 28.917 Thread 0x000001c59434d840 Thread added: 0x000001c5ed2e5a90
Event: 28.917 Thread 0x000001c59434d840 Thread added: 0x000001c5f32a78b0
Event: 29.632 Thread 0x000001c5f32a78b0 Thread exited: 0x000001c5f32a78b0
Event: 29.632 Thread 0x000001c5ed2b8770 Thread exited: 0x000001c5ed2b8770
Event: 30.341 Thread 0x000001c5ed2e5a90 Thread exited: 0x000001c5ed2e5a90
Event: 30.341 Thread 0x000001c5ed19d130 Thread exited: 0x000001c5ed19d130
Event: 31.196 Thread 0x000001c5ed085720 Thread added: 0x000001c5ed2e5a90
Event: 31.197 Thread 0x000001c5ed2e5a90 Thread added: 0x000001c5ed2b8770
Event: 31.197 Thread 0x000001c5ed2e5a90 Thread added: 0x000001c5f37ef7f0
Event: 31.213 Thread 0x000001c5ed2e5a90 Thread added: 0x000001c5ed35a040
Event: 31.213 Thread 0x000001c5ed2e5a90 Thread added: 0x000001c5ed35a6f0
Event: 32.364 Thread 0x000001c5ed35a6f0 Thread exited: 0x000001c5ed35a6f0
Event: 32.576 Thread 0x000001c5ed35a040 Thread exited: 0x000001c5ed35a040
Event: 33.337 Thread 0x000001c5f37ef7f0 Thread exited: 0x000001c5f37ef7f0
Event: 33.820 Thread 0x000001c5ed085720 Thread added: 0x000001c5f3ee4020
Event: 34.848 Thread 0x000001c5f3ee4020 Thread exited: 0x000001c5f3ee4020
Event: 34.848 Thread 0x000001c5ed2b8770 Thread exited: 0x000001c5ed2b8770
Event: 34.848 Thread 0x000001c5ed2e5a90 Thread exited: 0x000001c5ed2e5a90
Event: 36.438 Thread 0x000001c5f313ee60 Thread added: 0x000001c5ed2e5a90


Dynamic libraries:
0x00007ff6e2f70000 - 0x00007ff6e2f7e000 	c:\Users\ASUS\.vscode\extensions\redhat.java-1.53.0-win32-x64\jre\21.0.10-win32-x86_64\bin\java.exe
0x00007ffa3c180000 - 0x00007ffa3c3e7000 	C:\WINDOWS\SYSTEM32\ntdll.dll
0x00007ffa3b980000 - 0x00007ffa3ba49000 	C:\WINDOWS\System32\KERNEL32.DLL
0x00007ffa39770000 - 0x00007ffa39b61000 	C:\WINDOWS\System32\KERNELBASE.dll
0x00007ffa38cd0000 - 0x00007ffa38e1b000 	C:\WINDOWS\System32\ucrtbase.dll
0x00007ff9f4fc0000 - 0x00007ff9f4fde000 	c:\Users\ASUS\.vscode\extensions\redhat.java-1.53.0-win32-x64\jre\21.0.10-win32-x86_64\bin\VCRUNTIME140.dll
0x00007ff9f4dd0000 - 0x00007ff9f4de8000 	c:\Users\ASUS\.vscode\extensions\redhat.java-1.53.0-win32-x64\jre\21.0.10-win32-x86_64\bin\jli.dll
0x00007ffa3b360000 - 0x00007ffa3b525000 	C:\WINDOWS\System32\USER32.dll
0x00007ffa1a880000 - 0x00007ffa1ab13000 	C:\WINDOWS\WinSxS\amd64_microsoft.windows.common-controls_6595b64144ccf1df_6.0.26100.8037_none_3e092faae333b53b\COMCTL32.dll
0x00007ffa39740000 - 0x00007ffa39767000 	C:\WINDOWS\System32\win32u.dll
0x00007ffa3bad0000 - 0x00007ffa3bb79000 	C:\WINDOWS\System32\msvcrt.dll
0x00007ffa3b030000 - 0x00007ffa3b05b000 	C:\WINDOWS\System32\GDI32.dll
0x00007ffa38af0000 - 0x00007ffa38c1b000 	C:\WINDOWS\System32\gdi32full.dll
0x00007ffa38e20000 - 0x00007ffa38ec3000 	C:\WINDOWS\System32\msvcp_win.dll
0x00007ffa3aed0000 - 0x00007ffa3af01000 	C:\WINDOWS\System32\IMM32.DLL
0x00007ffa25570000 - 0x00007ffa2557c000 	c:\Users\ASUS\.vscode\extensions\redhat.java-1.53.0-win32-x64\jre\21.0.10-win32-x86_64\bin\vcruntime140_1.dll
0x00007ff9f1680000 - 0x00007ff9f170d000 	c:\Users\ASUS\.vscode\extensions\redhat.java-1.53.0-win32-x64\jre\21.0.10-win32-x86_64\bin\msvcp140.dll
0x00007ff977030000 - 0x00007ff977dd1000 	c:\Users\ASUS\.vscode\extensions\redhat.java-1.53.0-win32-x64\jre\21.0.10-win32-x86_64\bin\server\jvm.dll
0x00007ffa3ac90000 - 0x00007ffa3ad4b000 	C:\WINDOWS\System32\ADVAPI32.dll
0x00007ffa3bb80000 - 0x00007ffa3bc27000 	C:\WINDOWS\System32\sechost.dll
0x00007ffa3bd50000 - 0x00007ffa3be68000 	C:\WINDOWS\System32\RPCRT4.dll
0x00007ffa3ba50000 - 0x00007ffa3bac4000 	C:\WINDOWS\System32\WS2_32.dll
0x00007ffa1e9c0000 - 0x00007ffa1e9cb000 	C:\WINDOWS\SYSTEM32\VERSION.dll
0x00007ffa388c0000 - 0x00007ffa3891e000 	C:\WINDOWS\SYSTEM32\POWRPROF.dll
0x00007ffa2e2b0000 - 0x00007ffa2e2e5000 	C:\WINDOWS\SYSTEM32\WINMM.dll
0x00007ffa388a0000 - 0x00007ffa388b4000 	C:\WINDOWS\SYSTEM32\UMPDC.dll
0x00007ffa377f0000 - 0x00007ffa3780b000 	C:\WINDOWS\SYSTEM32\kernel.appcore.dll
0x00007ffa228a0000 - 0x00007ffa228aa000 	c:\Users\ASUS\.vscode\extensions\redhat.java-1.53.0-win32-x64\jre\21.0.10-win32-x86_64\bin\jimage.dll
0x00007ffa36970000 - 0x00007ffa36bb2000 	C:\WINDOWS\SYSTEM32\DBGHELP.DLL
0x00007ffa3b530000 - 0x00007ffa3b8b2000 	C:\WINDOWS\System32\combase.dll
0x00007ffa3af10000 - 0x00007ffa3afe7000 	C:\WINDOWS\System32\OLEAUT32.dll
0x00007ffa194b0000 - 0x00007ffa194eb000 	C:\WINDOWS\SYSTEM32\dbgcore.DLL
0x00007ffa38c20000 - 0x00007ffa38cc5000 	C:\WINDOWS\System32\bcryptPrimitives.dll
0x00007ffa0cfa0000 - 0x00007ffa0cfaf000 	c:\Users\ASUS\.vscode\extensions\redhat.java-1.53.0-win32-x64\jre\21.0.10-win32-x86_64\bin\instrument.dll
0x00007ff9fa7e0000 - 0x00007ff9fa800000 	c:\Users\ASUS\.vscode\extensions\redhat.java-1.53.0-win32-x64\jre\21.0.10-win32-x86_64\bin\java.dll
0x00007ffa3a3c0000 - 0x00007ffa3ab1f000 	C:\WINDOWS\System32\SHELL32.dll
0x00007ffa39cf0000 - 0x00007ffa39e5a000 	C:\WINDOWS\System32\wintypes.dll
0x00007ffa38ed0000 - 0x00007ffa39734000 	C:\WINDOWS\System32\windows.storage.dll
0x00007ffa3add0000 - 0x00007ffa3aec7000 	C:\WINDOWS\System32\SHCORE.dll
0x00007ffa3bcc0000 - 0x00007ffa3bd27000 	C:\WINDOWS\System32\shlwapi.dll
0x00007ffa38980000 - 0x00007ffa389a9000 	C:\WINDOWS\SYSTEM32\profapi.dll
0x00007ff9f1970000 - 0x00007ff9f1988000 	c:\Users\ASUS\.vscode\extensions\redhat.java-1.53.0-win32-x64\jre\21.0.10-win32-x86_64\bin\zip.dll
0x00007ffa06b50000 - 0x00007ffa06b60000 	C:\Users\ASUS\.vscode\extensions\redhat.java-1.53.0-win32-x64\jre\21.0.10-win32-x86_64\bin\net.dll
0x00007ffa27870000 - 0x00007ffa27997000 	C:\WINDOWS\SYSTEM32\WINHTTP.dll
0x00007ffa37d60000 - 0x00007ffa37dcb000 	C:\WINDOWS\system32\mswsock.dll
0x00007ff9f9040000 - 0x00007ff9f9056000 	C:\Users\ASUS\.vscode\extensions\redhat.java-1.53.0-win32-x64\jre\21.0.10-win32-x86_64\bin\nio.dll
0x00007ffa02880000 - 0x00007ffa02890000 	c:\Users\ASUS\.vscode\extensions\redhat.java-1.53.0-win32-x64\jre\21.0.10-win32-x86_64\bin\verify.dll
0x00007ff9f1560000 - 0x00007ff9f15a5000 	C:\Users\ASUS\AppData\Roaming\Code\User\globalStorage\redhat.java\1.53.0\config_win\org.eclipse.equinox.launcher\org.eclipse.equinox.launcher.win32.win32.x86_64_1.3.0.v20260203-2149\eclipse_11919.dll
0x00007ffa3b160000 - 0x00007ffa3b2f5000 	C:\WINDOWS\System32\ole32.dll

JVMTI agents:
c:\Users\ASUS\.vscode\extensions\redhat.java-1.53.0-win32-x64\lombok\lombok-1.18.39-4050.jar path:c:\Users\ASUS\.vscode\extensions\redhat.java-1.53.0-win32-x64\jre\21.0.10-win32-x86_64\bin\instrument.dll, loaded, initialized, instrumentlib options:none

dbghelp: loaded successfully - version: 4.0.5 - missing functions: none
symbol engine: initialized successfully - sym options: 0x614 - pdb path: .;c:\Users\ASUS\.vscode\extensions\redhat.java-1.53.0-win32-x64\jre\21.0.10-win32-x86_64\bin;C:\WINDOWS\SYSTEM32;C:\WINDOWS\WinSxS\amd64_microsoft.windows.common-controls_6595b64144ccf1df_6.0.26100.8037_none_3e092faae333b53b;c:\Users\ASUS\.vscode\extensions\redhat.java-1.53.0-win32-x64\jre\21.0.10-win32-x86_64\bin\server;C:\Users\ASUS\AppData\Roaming\Code\User\globalStorage\redhat.java\1.53.0\config_win\org.eclipse.equinox.launcher\org.eclipse.equinox.launcher.win32.win32.x86_64_1.3.0.v20260203-2149

VM Arguments:
jvm_args: --add-modules=ALL-SYSTEM --add-opens=java.base/java.util=ALL-UNNAMED --add-opens=java.base/java.lang=ALL-UNNAMED --add-opens=java.base/sun.nio.fs=ALL-UNNAMED -Declipse.application=org.eclipse.jdt.ls.core.id1 -Dosgi.bundles.defaultStartLevel=4 -Declipse.product=org.eclipse.jdt.ls.core.product -Djava.import.generatesMetadataFilesAtProjectRoot=false -DDetectVMInstallationsJob.disabled=true -Dfile.encoding=utf8 -XX:+UseParallelGC -XX:GCTimeRatio=4 -XX:AdaptiveSizePolicyWeight=90 -Dsun.zip.disableMemoryMapping=true -Xmx2G -Xms100m -Xlog:disable -javaagent:c:\Users\ASUS\.vscode\extensions\redhat.java-1.53.0-win32-x64\lombok\lombok-1.18.39-4050.jar -XX:+HeapDumpOnOutOfMemoryError -XX:HeapDumpPath=c:\Users\ASUS\AppData\Roaming\Code\User\workspaceStorage\e35040fb4e7bbefd65871bbb2864516b\redhat.java -Daether.dependencyCollector.impl=bf 
java_command: c:\Users\ASUS\.vscode\extensions\redhat.java-1.53.0-win32-x64\server\plugins\org.eclipse.equinox.launcher_1.7.100.v20251111-0406.jar -configuration c:\Users\ASUS\AppData\Roaming\Code\User\globalStorage\redhat.java\1.53.0\config_win -data c:\Users\ASUS\AppData\Roaming\Code\User\workspaceStorage\e35040fb4e7bbefd65871bbb2864516b\redhat.java\jdt_ws --pipe=\\.\pipe\lsp-773ab6557dc2e2d616d8e5cccacab6fc-sock
java_class_path (initial): c:\Users\ASUS\.vscode\extensions\redhat.java-1.53.0-win32-x64\server\plugins\org.eclipse.equinox.launcher_1.7.100.v20251111-0406.jar
Launcher Type: SUN_STANDARD

[Global flags]
    uintx AdaptiveSizePolicyWeight                 = 90                                        {product} {command line}
     intx CICompilerCount                          = 12                                        {product} {ergonomic}
    uintx GCTimeRatio                              = 4                                         {product} {command line}
     bool HeapDumpOnOutOfMemoryError               = true                                   {manageable} {command line}
    ccstr HeapDumpPath                             = c:\Users\ASUS\AppData\Roaming\Code\User\workspaceStorage\e35040fb4e7bbefd65871bbb2864516b\redhat.java         {manageable} {command line}
   size_t InitialHeapSize                          = 104857600                                 {product} {command line}
   size_t MaxHeapSize                              = 2147483648                                {product} {command line}
   size_t MaxNewSize                               = 715653120                                 {product} {ergonomic}
   size_t MinHeapDeltaBytes                        = 524288                                    {product} {ergonomic}
   size_t MinHeapSize                              = 104857600                                 {product} {command line}
   size_t NewSize                                  = 34603008                                  {product} {ergonomic}
    uintx NonNMethodCodeHeapSize                   = 7602480                                {pd product} {ergonomic}
    uintx NonProfiledCodeHeapSize                  = 122027880                              {pd product} {ergonomic}
   size_t OldSize                                  = 70254592                                  {product} {ergonomic}
    uintx ProfiledCodeHeapSize                     = 122027880                              {pd product} {ergonomic}
    uintx ReservedCodeCacheSize                    = 251658240                              {pd product} {ergonomic}
     bool SegmentedCodeCache                       = true                                      {product} {ergonomic}
   size_t SoftMaxHeapSize                          = 2147483648                             {manageable} {ergonomic}
     bool UseCompressedOops                        = true                           {product lp64_product} {ergonomic}
     bool UseLargePagesIndividualAllocation        = false                                  {pd product} {ergonomic}
     bool UseParallelGC                            = true                                      {product} {command line}

Logging:
Log output configuration:
 #0: stdout all=off uptime,level,tags foldmultilines=false
 #1: stderr all=off uptime,level,tags foldmultilines=false

Release file:
JAVA_VERSION="21.0.10" 
MODULES="java.base java.compiler java.datatransfer java.xml java.prefs java.desktop java.instrument java.logging java.management java.security.sasl java.naming java.rmi java.management.rmi java.net.http java.scripting java.security.jgss java.transaction.xa java.sql java.sql.rowset java.xml.crypto java.se java.smartcardio jdk.accessibility jdk.internal.jvmstat jdk.attach jdk.charsets jdk.internal.opt jdk.zipfs jdk.compiler jdk.crypto.ec jdk.crypto.cryptoki jdk.crypto.mscapi jdk.dynalink jdk.internal.ed jdk.editpad jdk.hotspot.agent jdk.httpserver jdk.internal.le jdk.internal.vm.ci jdk.internal.vm.compiler jdk.internal.vm.compiler.management jdk.jartool jdk.javadoc jdk.jcmd jdk.management jdk.management.agent jdk.jconsole jdk.jdeps jdk.jdwp.agent jdk.jdi jdk.jfr jdk.jshell jdk.jsobject jdk.jstatd jdk.localedata jdk.management.jfr jdk.naming.dns jdk.naming.rmi jdk.net jdk.nio.mapmode jdk.random jdk.sctp jdk.security.auth jdk.security.jgss jdk.unsupported jdk.unsupported.desktop jdk.xml.dom" 

Environment Variables:
JAVA_HOME=C:\Program Files\Java\jdk-21
PATH=C:\Users\ASUS\AppData\Local\Programs\Microsoft VS Code;C:\Python36\Scripts;C:\Program Files\Python311\Scripts\;C:\Program Files\Python311\;C:\WINDOWS\system32;C:\WINDOWS;C:\WINDOWS\System32\Wbem;C:\WINDOWS\System32\WindowsPowerShell\v1.0\;C:\WINDOWS\System32\OpenSSH\;C:\MinGW\bin;C:\Users\ASUS\AppData\Local\Packages\PythonSoftwareFoundation.Python.3.11_qbz5n2kfra8p0\LocalCache\local-packa;C:\Users\ASUS\AppData\Local\Microsoft\WindowsApps\python.exe;C:\Program Files\Python312\Scripts;C:\Users\ASUS\AppData\Roaming\Python\Python312\site-packages;C:\Users\ASUS\Git LFS;C:\Program Files\Git\cmd;C:\ProgramData\chocolatey\bin;node_modules\npm\bin;C:\Program Files\Python311;C:\Program Files (x86)\Yarn\bin\;C:\Program Files (x86)\nvm;C:\Program Files\nodejs;C:\Users\ASUS\kolibriSSH\Yarn\bin\;C:\Users\ASUS\AppData\Local\Programs\Microsoft VS Code;C:\Users\ASUS\AppData\Roaming\Python\Python311\site-packages;C:\Program Files\dotnet\;C:\Users\ASUS\AppData\Roaming\Python\Python311\Scripts;C:\Program Files\MySQL\MySQL Server 8.0\bin;C:\Program Files\OpenJDK17U-jdk_x64_windows_hotspot_17.0.18_8.msi;C:\Program Files\apache-maven-3.9.14\bin;C:\Program Files\Java\jdk-21\bin;C:\Users\ASUS\AppData\Local\Microsoft\WindowsApps;C:\Users\ASUS\AppData\Local\Programs\Microsoft VS Code\bin
USERNAME=ASUS
OS=Windows_NT
PROCESSOR_IDENTIFIER=Intel64 Family 6 Model 154 Stepping 3, GenuineIntel
TMP=C:\Users\ASUS\AppData\Local\Temp
TEMP=C:\Users\ASUS\AppData\Local\Temp




Periodic native trim disabled

---------------  S Y S T E M  ---------------

OS:
 Windows 11 , 64 bit Build 26100 (10.0.26100.7920)
OS uptime: 0 days 16:34 hours
Hyper-V role detected

CPU: total 16 (initial active 16) (8 cores per cpu, 2 threads per core) family 6 model 154 stepping 3 microcode 0x42c, cx8, cmov, fxsr, ht, mmx, 3dnowpref, sse, sse2, sse3, ssse3, sse4.1, sse4.2, popcnt, lzcnt, tsc, tscinvbit, avx, avx2, aes, erms, clmul, bmi1, bmi2, adx, sha, fma, vzeroupper, clflush, clflushopt, clwb, hv, serialize, rdtscp, rdpid, fsrm, f16c, cet_ibt, cet_ss
Processor Information for processor 0
  Max Mhz: 2500, Current Mhz: 2500, Mhz Limit: 2500
Processor Information for processor 1
  Max Mhz: 2500, Current Mhz: 2500, Mhz Limit: 2500
Processor Information for processor 2
  Max Mhz: 2500, Current Mhz: 2500, Mhz Limit: 2500
Processor Information for processor 3
  Max Mhz: 2500, Current Mhz: 2500, Mhz Limit: 2500
Processor Information for processor 4
  Max Mhz: 2500, Current Mhz: 2500, Mhz Limit: 2500
Processor Information for processor 5
  Max Mhz: 2500, Current Mhz: 2500, Mhz Limit: 2500
Processor Information for processor 6
  Max Mhz: 2500, Current Mhz: 2500, Mhz Limit: 2500
Processor Information for processor 7
  Max Mhz: 2500, Current Mhz: 2500, Mhz Limit: 2500
Processor Information for processor 8
  Max Mhz: 2500, Current Mhz: 1800, Mhz Limit: 1800
Processor Information for processor 9
  Max Mhz: 2500, Current Mhz: 1800, Mhz Limit: 1800
Processor Information for processor 10
  Max Mhz: 2500, Current Mhz: 1800, Mhz Limit: 1800
Processor Information for processor 11
  Max Mhz: 2500, Current Mhz: 1500, Mhz Limit: 1800
Processor Information for processor 12
  Max Mhz: 2500, Current Mhz: 1800, Mhz Limit: 1800
Processor Information for processor 13
  Max Mhz: 2500, Current Mhz: 1500, Mhz Limit: 1800
Processor Information for processor 14
  Max Mhz: 2500, Current Mhz: 1500, Mhz Limit: 1800
Processor Information for processor 15
  Max Mhz: 2500, Current Mhz: 1800, Mhz Limit: 1800

Memory: 4k page, system-wide physical 16069M (3460M free)
TotalPageFile size 16069M (AvailPageFile size 5M)
current process WorkingSet (physical memory assigned to process): 105M, peak: 112M
current process commit charge ("private bytes"): 263M, peak: 269M

vm_info: OpenJDK 64-Bit Server VM (21.0.10+7-LTS) for windows-amd64 JRE (21.0.10+7-LTS), built on 2026-01-20T00:00:00Z by "admin" with MS VC++ 17.12 (VS2022)

END.
